nohup: ignoring input
ROCm found, but disabled because host target x86_64
Peano found: /scratch/roesti/buildenv/lib/python3.12/site-packages/llvm-aie/bin/llc
Looking for Chess...
Chess found: /proj/primebuilds/2025.1_PRIME_0522_0155/installs/lin64/Vitis/2025.1/aietools/bin/xchesscc
xrt found at /opt/xilinx/xrt
Using xrt-smi: /opt/xilinx/xrt/bin/xrt-smi
Found Ryzen AI device: [0000:65:00.1]
	model: 'Strix'
Running tests on NPU2 with command line: "/scratch/roesti/buildenv/bin/python3" "/scratch/roesti/mlir-aie/utils/run_on_npu.py" "npu2"
aiesimulator found: /proj/primebuilds/2025.1_PRIME_0522_0155/installs/lin64/Vitis/2025.1/aietools/bin/aiesimulator
-- Testing: 1125 tests, 1 workers --
FAIL: AIE_TEST :: npu-xrt/ctrl_packet_reconfig_1x4_cores/run.lit (1 of 1125)
FAIL: AIE_TEST :: npu-xrt/ctrl_packet_reconfig_4x1_cores/run.lit (2 of 1125)
PASS: AIE_TEST :: npu-xrt/add_one_ctrl_packet/run.lit (3 of 1125)
PASS: AIE_TEST :: npu-xrt/ctrl_packet_reconfig/run.lit (4 of 1125)
PASS: AIE_TEST :: npu-xrt/ctrl_packet_reconfig_elf/run.lit (5 of 1125)
PASS: AIE_TEST :: aiecc/cpp_xchesscc_multi_core.mlir (6 of 1125)
PASS: AIE_TEST :: aiecc/cpp_xchesscc_basic.mlir (7 of 1125)
PASS: AIE_TEST :: aiecc/generate_pdi.mlir (8 of 1125)
PASS: AIE_TEST :: aiecc/cpp_xchesscc_compile_only.mlir (9 of 1125)
PASS: AIE_TEST :: aiecc/cpp_multi_device_sequence.mlir (10 of 1125)
PASS: AIE_TEST :: aiecc/cpp_expand_load_pdis.mlir (11 of 1125)
PASS: AIE_TEST :: aiecc/cpp_expand_load_pdis_config.mlir (12 of 1125)
PASS: AIE_TEST :: aiecc/cpp_parallel_compilation.mlir (13 of 1125)
PASS: AIE_TEST :: aiecc/simple.mlir (14 of 1125)
PASS: AIE_TEST :: aiecc/cpp_basic.mlir (15 of 1125)
PASS: AIE_TEST :: aiecc/simple_aie2.mlir (16 of 1125)
PASS: AIE_TEST :: aiecc/cpp_aie2p_target.mlir (17 of 1125)
PASS: AIE_TEST :: aiecc/cpp_ctrlpkt.mlir (18 of 1125)
PASS: AIE_TEST :: aiecc/cpp_multi_core.mlir (19 of 1125)
PASS: AIE_TEST :: aiecc/cpp_unified_compilation.mlir (20 of 1125)
PASS: AIE_TEST :: aiecc/library_integration.mlir (21 of 1125)
PASS: AIE_TEST :: aiecc/cpp_partition_npu2.mlir (22 of 1125)
PASS: AIE_TEST :: aiecc/cpp_elf_generation.mlir (23 of 1125)
PASS: AIE_TEST :: aiecc/cpp_full_elf_generation.mlir (24 of 1125)
PASS: AIE_TEST :: aiecc/cpp_npu_and_xclbin.mlir (25 of 1125)
PASS: AIE_TEST :: aiecc/cpp_partition_npu1.mlir (26 of 1125)
PASS: AIE_TEST :: aiecc/cpp_host_compile.mlir (27 of 1125)
PASS: AIE_TEST :: aiecc/buffers_xclbin.mlir (28 of 1125)
PASS: AIE_TEST :: aiecc/ctrlpkt_base_host_bo_count.mlir (29 of 1125)
PASS: AIE_TEST :: aiecc/cpp_transaction.mlir (30 of 1125)
PASS: AIE_TEST :: aiecc/simple_xclbin.mlir (31 of 1125)
PASS: AIE_TEST :: aiecc/peano_compat_phi_inf_nan.mlir (32 of 1125)
PASS: AIE_TEST :: aiecc/peano_compat_bfloat_decimal.mlir (33 of 1125)
PASS: AIE_TEST :: aiecc/cpp_link_with.mlir (34 of 1125)
PASS: AIE_TEST :: aiecc/cpp_aie2p_vector_add.mlir (35 of 1125)
PASS: AIE_TEST :: aiecc/cpp_no_xchesscc_implies_no_xbridge.mlir (36 of 1125)
PASS: AIE_TEST :: aiecc/peano_compat_align_strip.mlir (37 of 1125)
PASS: AIE_TEST :: aiecc/buffers_xclbin_max.mlir (38 of 1125)
PASS: AIE_TEST :: aiecc/cpp_f32_relu.mlir (39 of 1125)
PASS: AIE_TEST :: aiecc/buffers_xclbin_few.mlir (40 of 1125)
PASS: AIE_TEST :: aiecc/cpp_partition_npu1_1col.mlir (41 of 1125)
PASS: AIE_TEST :: aiecc/peano_compat_f0x_float.mlir (42 of 1125)
PASS: AIE_TEST :: aiecc/cpp_aiesim.mlir (43 of 1125)
PASS: AIE_TEST :: aiecc/cpp_allocation_schemes.mlir (44 of 1125)
PASS: AIE_TEST :: aiecc/unknown_args_rejected.mlir (45 of 1125)
PASS: AIE_TEST :: aiecc/per_core_slice_lowering_equivalence.mlir (46 of 1125)
PASS: AIE_TEST :: aiecc/repeater_generation.mlir (47 of 1125)
PASS: AIE_TEST :: aiecc/only_insts.mlir (48 of 1125)
PASS: AIE_TEST :: aiecc/fallback_routine_simple.mlir (49 of 1125)
PASS: AIE_TEST :: aiecc/cpp_multi_link_with.mlir (50 of 1125)
PASS: AIE_TEST :: aiecc/fallback_routine_error.mlir (51 of 1125)
PASS: AIE_TEST :: aiecc/cpp_link_with_func_level.mlir (52 of 1125)
PASS: AIE_TEST :: aiecc/cpp_link_with_shared_func.mlir (53 of 1125)
PASS: AIE_TEST :: aiecc/cpp_link_with_deprecation.mlir (54 of 1125)
PASS: AIE_TEST :: aiecc/cpp_link_with_mixed.mlir (55 of 1125)
PASS: AIE_TEST :: aiecc/cpp_link_with_indirect_call.mlir (56 of 1125)
PASS: AIE_TEST :: aiecc/cpp_link_with_both_attrs.mlir (57 of 1125)
PASS: AIE_TEST :: aiecc/cpp_link_with_unused_func.mlir (58 of 1125)
PASS: AIE_TEST :: aiecc/cpp_link_with_emitter_fallback.mlir (59 of 1125)
PASS: AIE_TEST :: aiecc/cpp_link_with_no_link_with.mlir (60 of 1125)
UNSUPPORTED: AIE_TEST :: npu-xrt/add_one_ctrl_packet_col_overlay/run.lit (61 of 1125)
PASS: AIE_TEST :: Conversion/AIEToConfiguration/convert_aie_to_ctrl_pkts.mlir (62 of 1125)
PASS: AIE_TEST :: Conversion/AIEToConfiguration/loc_preservation.mlir (63 of 1125)
PASS: AIE_TEST :: Conversion/AIEToConfiguration/loc_roundtrip.mlir (64 of 1125)
PASS: AIE_TEST :: Conversion/AIEVecToLLVM/broadcast_scalar.mlir (65 of 1125)
PASS: AIE_TEST :: Conversion/AIEVecToLLVM/extract_elem.mlir (66 of 1125)
PASS: AIE_TEST :: Conversion/AIEVecToLLVM/mac16_i16.mlir (67 of 1125)
PASS: AIE_TEST :: Conversion/AIEVecToLLVM/matmul-aie2p.mlir (68 of 1125)
PASS: AIE_TEST :: Conversion/AIEVecToLLVM/matmul.mlir (69 of 1125)
PASS: AIE_TEST :: Conversion/AIEVecToLLVM/mul_elem.mlir (70 of 1125)
PASS: AIE_TEST :: Conversion/AIEVecToLLVM/shift.mlir (71 of 1125)
PASS: AIE_TEST :: Conversion/AIEVecToLLVM/test-add_elem-aie2p.mlir (72 of 1125)
PASS: AIE_TEST :: Conversion/AIEVecToLLVM/test-add_elem.mlir (73 of 1125)
PASS: AIE_TEST :: Conversion/AIEVecToLLVM/test-broadcast_scalar-aie2p.mlir (74 of 1125)
PASS: AIE_TEST :: Conversion/AIEVecToLLVM/test-cast.mlir (75 of 1125)
PASS: AIE_TEST :: Conversion/AIEVecToLLVM/test-concat.mlir (76 of 1125)
PASS: AIE_TEST :: Conversion/AIEVecToLLVM/test-exp-aie2p.mlir (77 of 1125)
PASS: AIE_TEST :: Conversion/AIEVecToLLVM/test-ext-aie2p.mlir (78 of 1125)
PASS: AIE_TEST :: Conversion/AIEVecToLLVM/test-ext-elem.mlir (79 of 1125)
PASS: AIE_TEST :: Conversion/AIEVecToLLVM/test-ext.mlir (80 of 1125)
PASS: AIE_TEST :: Conversion/AIEVecToLLVM/test-fdiv-aie2.mlir (81 of 1125)
PASS: AIE_TEST :: Conversion/AIEVecToLLVM/test-fdiv-aie2p.mlir (82 of 1125)
PASS: AIE_TEST :: Conversion/AIEVecToLLVM/test-inv-aie2p.mlir (83 of 1125)
PASS: AIE_TEST :: Conversion/AIEVecToLLVM/test-mac_elem.mlir (84 of 1125)
PASS: AIE_TEST :: Conversion/AIEVecToLLVM/test-mac_intrinsic_names.mlir (85 of 1125)
PASS: AIE_TEST :: Conversion/AIEVecToLLVM/test-mac_params.mlir (86 of 1125)
PASS: AIE_TEST :: Conversion/AIEVecToLLVM/test-max-min.mlir (87 of 1125)
PASS: AIE_TEST :: Conversion/AIEVecToLLVM/test-max.mlir (88 of 1125)
PASS: AIE_TEST :: Conversion/AIEVecToLLVM/test-min.mlir (89 of 1125)
PASS: AIE_TEST :: Conversion/AIEVecToLLVM/test-mul_elem.mlir (90 of 1125)
PASS: AIE_TEST :: Conversion/AIEVecToLLVM/test-mul_intrinsic_names.mlir (91 of 1125)
PASS: AIE_TEST :: Conversion/AIEVecToLLVM/test-mul_params.mlir (92 of 1125)
PASS: AIE_TEST :: Conversion/AIEVecToLLVM/test-pack.mlir (93 of 1125)
PASS: AIE_TEST :: Conversion/AIEVecToLLVM/test-rsqrt-aie2p.mlir (94 of 1125)
PASS: AIE_TEST :: Conversion/AIEVecToLLVM/test-select.mlir (95 of 1125)
PASS: AIE_TEST :: Conversion/AIEVecToLLVM/test-shift.mlir (96 of 1125)
PASS: AIE_TEST :: Conversion/AIEVecToLLVM/test-shuffle.mlir (97 of 1125)
PASS: AIE_TEST :: Conversion/AIEVecToLLVM/test-srs-aie2p.mlir (98 of 1125)
PASS: AIE_TEST :: Conversion/AIEVecToLLVM/test-srs.mlir (99 of 1125)
PASS: AIE_TEST :: Conversion/AIEVecToLLVM/test-sub_elem-aie2p.mlir (100 of 1125)
PASS: AIE_TEST :: Conversion/AIEVecToLLVM/test-sub_elem.mlir (101 of 1125)
PASS: AIE_TEST :: Conversion/AIEVecToLLVM/test-tanh-aie2p.mlir (102 of 1125)
PASS: AIE_TEST :: Conversion/AIEVecToLLVM/test-unpack-int4-aie2p.mlir (103 of 1125)
PASS: AIE_TEST :: Conversion/AIEVecToLLVM/test-upd_large.mlir (104 of 1125)
PASS: AIE_TEST :: Conversion/AIEVecToLLVM/test-upd_small.mlir (105 of 1125)
PASS: AIE_TEST :: Conversion/AIEVecToLLVM/test-ups-aie2p.mlir (106 of 1125)
PASS: AIE_TEST :: Conversion/AIEVecToLLVM/test-ups.mlir (107 of 1125)
PASS: AIE_TEST :: Conversion/AIEXToEmitC/per_op.mlir (108 of 1125)
PASS: AIE_TEST :: Conversion/AIEXToEmitC/reject.mlir (109 of 1125)
PASS: AIE_TEST :: Conversion/AIEXToEmitC/runtime_values.mlir (110 of 1125)
PASS: AIE_TEST :: Conversion/AIEXToEmitC/translate_cpp.mlir (111 of 1125)
PASS: AIE_TEST :: Conversion/DmaToNpu/aiert_insts.mlir (112 of 1125)
PASS: AIE_TEST :: Conversion/DmaToNpu/bad_dma_to_npu.mlir (113 of 1125)
PASS: AIE_TEST :: Conversion/DmaToNpu/bad_dma_to_npu_datatype.mlir (114 of 1125)
PASS: AIE_TEST :: Conversion/DmaToNpu/bad_rtp_write.mlir (115 of 1125)
PASS: AIE_TEST :: Conversion/DmaToNpu/dma_to_npu.mlir (116 of 1125)
PASS: AIE_TEST :: Conversion/DmaToNpu/dma_to_npu_burst_length.mlir (117 of 1125)
PASS: AIE_TEST :: Conversion/DmaToNpu/dma_to_npu_burst_length_invalid.mlir (118 of 1125)
PASS: AIE_TEST :: Conversion/DmaToNpu/dma_to_npu_core_tile.mlir (119 of 1125)
PASS: AIE_TEST :: Conversion/DmaToNpu/dma_to_npu_invalid.mlir (120 of 1125)
PASS: AIE_TEST :: Conversion/DmaToNpu/dma_to_npu_issue_token.mlir (121 of 1125)
PASS: AIE_TEST :: Conversion/DmaToNpu/dma_to_npu_subview.mlir (122 of 1125)
PASS: AIE_TEST :: Conversion/DmaToNpu/dma_to_npu_subview_nd.mlir (123 of 1125)
PASS: AIE_TEST :: Conversion/DmaToNpu/dma_to_npu_width_conversion.mlir (124 of 1125)
PASS: AIE_TEST :: Conversion/DmaToNpu/push_to_queue.mlir (125 of 1125)
PASS: AIE_TEST :: Conversion/DmaToNpu/rtp_write.mlir (126 of 1125)
PASS: AIE_TEST :: Conversion/NpuToCert/npu_to_cert.mlir (127 of 1125)
PASS: AIE_TEST :: Conversion/NpuToCert/page_legalize.mlir (128 of 1125)
PASS: AIE_TEST :: Conversion/NpuToCert/split_blockwrite.mlir (129 of 1125)
PASS: AIE_TEST :: Conversion/VectorToAIEVec/fold-aievec-shift-and-broadcast.mlir (130 of 1125)
PASS: AIE_TEST :: Conversion/VectorToAIEVec/leading-unit-dim-contract.mlir (131 of 1125)
PASS: AIE_TEST :: Conversion/VectorToAIEVec/test-32lane-aie2.mlir (132 of 1125)
PASS: AIE_TEST :: Conversion/VectorToAIEVec/test-add-aie2p.mlir (133 of 1125)
PASS: AIE_TEST :: Conversion/VectorToAIEVec/test-bf16-emulation.mlir (134 of 1125)
PASS: AIE_TEST :: Conversion/VectorToAIEVec/test-bitwise-backend.mlir (135 of 1125)
PASS: AIE_TEST :: Conversion/VectorToAIEVec/test-cmp.mlir (136 of 1125)
PASS: AIE_TEST :: Conversion/VectorToAIEVec/test-contract.mlir (137 of 1125)
PASS: AIE_TEST :: Conversion/VectorToAIEVec/test-conv-op-i16.mlir (138 of 1125)
PASS: AIE_TEST :: Conversion/VectorToAIEVec/test-conv-op-i8-init.mlir (139 of 1125)
PASS: AIE_TEST :: Conversion/VectorToAIEVec/test-conv-op-i8.mlir (140 of 1125)
PASS: AIE_TEST :: Conversion/VectorToAIEVec/test-exp-aie2p.mlir (141 of 1125)
PASS: AIE_TEST :: Conversion/VectorToAIEVec/test-extui-i4-unpack-aie2p.mlir (142 of 1125)
PASS: AIE_TEST :: Conversion/VectorToAIEVec/test-f32-mul-add.mlir (143 of 1125)
PASS: AIE_TEST :: Conversion/VectorToAIEVec/test-float-fma-fusion.mlir (144 of 1125)
PASS: AIE_TEST :: Conversion/VectorToAIEVec/test-int-add-sub-backend.mlir (145 of 1125)
PASS: AIE_TEST :: Conversion/VectorToAIEVec/test-inv-aie2p.mlir (146 of 1125)
PASS: AIE_TEST :: Conversion/VectorToAIEVec/test-max.mlir (147 of 1125)
PASS: AIE_TEST :: Conversion/VectorToAIEVec/test-min.mlir (148 of 1125)
PASS: AIE_TEST :: Conversion/VectorToAIEVec/test-reduce-aie2p.mlir (149 of 1125)
PASS: AIE_TEST :: Conversion/VectorToAIEVec/test-reduce.mlir (150 of 1125)
PASS: AIE_TEST :: Conversion/VectorToAIEVec/test-scalar-promotion.mlir (151 of 1125)
PASS: AIE_TEST :: Conversion/VectorToAIEVec/test-scalarize-int-fp-conv.mlir (152 of 1125)
PASS: AIE_TEST :: Conversion/VectorToAIEVec/test-sel.mlir (153 of 1125)
PASS: AIE_TEST :: Conversion/VectorToAIEVec/test-sitofp-i16-bf16-aie2p.mlir (154 of 1125)
PASS: AIE_TEST :: Conversion/VectorToAIEVec/test-srs-compound-patterns.mlir (155 of 1125)
PASS: AIE_TEST :: Conversion/VectorToAIEVec/test-sub-aie2p.mlir (156 of 1125)
PASS: AIE_TEST :: Conversion/VectorToAIEVec/test-tanh-aie2p.mlir (157 of 1125)
PASS: AIE_TEST :: Conversion/VectorToAIEVec/test-trunc-ext.mlir (158 of 1125)
PASS: AIE_TEST :: Conversion/VectorToAIEVec/test-upd.mlir (159 of 1125)
PASS: AIE_TEST :: Conversion/VectorToAIEVec/test-vector-fma.mlir (160 of 1125)
PASS: AIE_TEST :: Conversion/VectorToAIEVec/test_broadcast.mlir (161 of 1125)
PASS: AIE_TEST :: Conversion/VectorToAIEVec/test_lut_based_ops.mlir (162 of 1125)
PASS: AIE_TEST :: Conversion/VectorToAIEVec/test_mul_elem.mlir (163 of 1125)
PASS: AIE_TEST :: Conversion/VectorToAIEVec/unaligned-load.mlir (164 of 1125)
PASS: AIE_TEST :: Conversion/VectorToAIEVec/vector-transpose.mlir (165 of 1125)
PASS: AIE_TEST :: Passes/aie-hoist-vector-transfer-pointers-inner-iv-dependent.mlir (166 of 1125)
PASS: AIE_TEST :: Passes/aie-hoist-vector-transfer-pointers.mlir (167 of 1125)
PASS: AIE_TEST :: Passes/aie-vector-to-pointer-loops.mlir (168 of 1125)
PASS: AIE_TEST :: Passes/assign-bd-ids/bad_bd_assignments.mlir (169 of 1125)
PASS: AIE_TEST :: Passes/assign-bd-ids/basic.mlir (170 of 1125)
PASS: AIE_TEST :: Passes/assign-bd-ids/exhausted_bds.mlir (171 of 1125)
PASS: AIE_TEST :: Passes/assign-bd-ids/user_assigned.mlir (172 of 1125)
PASS: AIE_TEST :: Passes/expand-load-pdi/empty_device.mlir (173 of 1125)
PASS: AIE_TEST :: Passes/expand-load-pdi/error_require_lowered_core.mlir (174 of 1125)
PASS: AIE_TEST :: Passes/expand-load-pdi/switchbox_config.mlir (175 of 1125)
PASS: AIE_TEST :: Passes/expand-load-pdi/switchbox_config_multiple.mlir (176 of 1125)
PASS: AIE_TEST :: Passes/lower-set-lock/lower_set_lock.mlir (177 of 1125)
PASS: AIE_TEST :: Passes/lower-set-lock/lower_set_lock_invalid.mlir (178 of 1125)
PASS: AIE_TEST :: Passes/materialize-runtime-sequences/cross_device_inline_load_pdi.mlir (179 of 1125)
PASS: AIE_TEST :: Passes/materialize-runtime-sequences/error_cyclic.mlir (180 of 1125)
PASS: AIE_TEST :: Passes/materialize-runtime-sequences/error_run_op.mlir (181 of 1125)
PASS: AIE_TEST :: Passes/materialize-runtime-sequences/inline_and_load_pdi.mlir (182 of 1125)
PASS: AIE_TEST :: Passes/materialize-runtime-sequences/inline_locks.mlir (183 of 1125)
PASS: AIE_TEST :: Passes/materialize-runtime-sequences/inline_multiple_ssa.mlir (184 of 1125)
PASS: AIE_TEST :: Passes/materialize-runtime-sequences/inline_ssa.mlir (185 of 1125)
PASS: AIE_TEST :: Passes/materialize-runtime-sequences/inline_symbols.mlir (186 of 1125)
PASS: AIE_TEST :: Passes/objectfifo-liveness/acyclic.mlir (187 of 1125)
PASS: AIE_TEST :: Passes/objectfifo-liveness/pointpoint_cycle.mlir (188 of 1125)
PASS: AIE_TEST :: Passes/objectfifo-liveness/single_trip_wide_broadcast.mlir (189 of 1125)
PASS: AIE_TEST :: Passes/objectfifo-liveness/sufficient.mlir (190 of 1125)
PASS: AIE_TEST :: Passes/objectfifo-liveness/under_buffered.mlir (191 of 1125)
PASS: AIE_TEST :: Passes/objectfifo-liveness/unrelated_cycles_no_crosstalk.mlir (192 of 1125)
PASS: AIE_TEST :: Passes/scf-to-control-flow/scf_to_control_flow.mlir (193 of 1125)
PASS: AIE_TEST :: Passes/transform-bfp-types/bfp-invalid.mlir (194 of 1125)
PASS: AIE_TEST :: Passes/transform-bfp-types/bfp.mlir (195 of 1125)
PASS: AIE_TEST :: Runtime/TxnEncoding/txn_encoding_host.test (196 of 1125)
PASS: AIE_TEST :: Target/LLVMIR/aievec.mlir (197 of 1125)
PASS: AIE_TEST :: Targets/ADFGenerateCPPGraph/adf_simple_stream.mlir (198 of 1125)
PASS: AIE_TEST :: Targets/ADFGenerateCPPGraph/adf_simple_window.mlir (199 of 1125)
PASS: AIE_TEST :: Targets/AIEFlowsToJSON/simple.mlir (200 of 1125)
PASS: AIE_TEST :: Targets/AIEGenerateJSON/shim_alloc.mlir (201 of 1125)
PASS: AIE_TEST :: Targets/AIEGenerateTargetArch/aie.mlir (202 of 1125)
PASS: AIE_TEST :: Targets/AIEGenerateTargetArch/aie2.mlir (203 of 1125)
PASS: AIE_TEST :: Targets/AIEGenerateXAIE/aie2_configure_cascade.mlir (204 of 1125)
PASS: AIE_TEST :: Targets/AIEGenerateXAIE/aie2_nd_DMA.mlir (205 of 1125)
PASS: AIE_TEST :: Targets/AIEGenerateXAIE/aie2_tileDMA.mlir (206 of 1125)
PASS: AIE_TEST :: Targets/AIEGenerateXAIE/aie2_tileDMA2.mlir (207 of 1125)
PASS: AIE_TEST :: Targets/AIEGenerateXAIE/aie2_tileDMA3.mlir (208 of 1125)
PASS: AIE_TEST :: Targets/AIEGenerateXAIE/aie2_tileDMA4.mlir (209 of 1125)
PASS: AIE_TEST :: Targets/AIEGenerateXAIE/aie2_tileDMA5.mlir (210 of 1125)
PASS: AIE_TEST :: Targets/AIEGenerateXAIE/aie2_tileDMA_locks.mlir (211 of 1125)
PASS: AIE_TEST :: Targets/AIEGenerateXAIE/memTileDMA.mlir (212 of 1125)
PASS: AIE_TEST :: Targets/AIEGenerateXAIE/memTileDMA2.mlir (213 of 1125)
PASS: AIE_TEST :: Targets/AIEGenerateXAIE/memTileDMA3.mlir (214 of 1125)
PASS: AIE_TEST :: Targets/AIEGenerateXAIE/packet_drop_header.mlir (215 of 1125)
PASS: AIE_TEST :: Targets/AIEGenerateXAIE/packet_shim_header.mlir (216 of 1125)
PASS: AIE_TEST :: Targets/AIEGenerateXAIE/plio_shim.mlir (217 of 1125)
PASS: AIE_TEST :: Targets/AIEGenerateXAIE/plio_shimmux.mlir (218 of 1125)
PASS: AIE_TEST :: Targets/AIEGenerateXAIE/shim.mlir (219 of 1125)
PASS: AIE_TEST :: Targets/AIEGenerateXAIE/shim_dma_packet.mlir (220 of 1125)
PASS: AIE_TEST :: Targets/AIEGenerateXAIE/shimmux.mlir (221 of 1125)
PASS: AIE_TEST :: Targets/AIEGenerateXAIE/test_error_dma_len_overflow.mlir (222 of 1125)
PASS: AIE_TEST :: Targets/AIEGenerateXAIE/test_error_dma_multi_lock.mlir (223 of 1125)
PASS: AIE_TEST :: Targets/AIEGenerateXAIE/test_error_dma_multi_state.mlir (224 of 1125)
PASS: AIE_TEST :: Targets/AIEGenerateXAIE/test_error_shimdma_multi_lock.mlir (225 of 1125)
PASS: AIE_TEST :: Targets/AIEGenerateXAIE/test_error_shimdma_multi_state.mlir (226 of 1125)
PASS: AIE_TEST :: Targets/AIEGenerateXAIE/test_explicit_elf.mlir (227 of 1125)
PASS: AIE_TEST :: Targets/AIEGenerateXAIE/test_lock_init.mlir (228 of 1125)
PASS: AIE_TEST :: Targets/AIEGenerateXAIE/test_ps0_xaie.mlir (229 of 1125)
PASS: AIE_TEST :: Targets/AIEGenerateXAIE/test_ps1_xaie.mlir (230 of 1125)
PASS: AIE_TEST :: Targets/AIEGenerateXAIE/test_ps2_xaie.mlir (231 of 1125)
PASS: AIE_TEST :: Targets/AIEGenerateXAIE/test_ps3_xaie.mlir (232 of 1125)
PASS: AIE_TEST :: Targets/AIEGenerateXAIE/test_ps4_xaie.mlir (233 of 1125)
PASS: AIE_TEST :: Targets/AIEGenerateXAIE/test_ps5_xaie.mlir (234 of 1125)
PASS: AIE_TEST :: Targets/AIEGenerateXAIE/test_ps6_xaie.mlir (235 of 1125)
PASS: AIE_TEST :: Targets/AIEGenerateXAIE/test_ps7_xaie.mlir (236 of 1125)
PASS: AIE_TEST :: Targets/AIEGenerateXAIE/test_xaie1.mlir (237 of 1125)
PASS: AIE_TEST :: Targets/AIEGenerateXAIE/test_xaie2.mlir (238 of 1125)
PASS: AIE_TEST :: Targets/AIEGenerateXAIE/test_xaie3.mlir (239 of 1125)
PASS: AIE_TEST :: Targets/AIEGenerateXAIE/test_xaie4.mlir (240 of 1125)
PASS: AIE_TEST :: Targets/AIEGenerateXAIE/tileDMA.mlir (241 of 1125)
PASS: AIE_TEST :: Targets/AIETargetCDODirect/control_packets.mlir (242 of 1125)
PASS: AIE_TEST :: Targets/AIETargetCDODirect/empty.mlir (243 of 1125)
PASS: AIE_TEST :: Targets/AIETargetCDODirect/initbuffer.mlir (244 of 1125)
PASS: AIE_TEST :: Targets/AIETargetCDODirect/initbuffer_fp32.mlir (245 of 1125)
PASS: AIE_TEST :: Targets/AIETargetCDODirect/initbuffer_int8.mlir (246 of 1125)
PASS: AIE_TEST :: Targets/AIETargetCDODirect/initbuffer_uint8.mlir (247 of 1125)
PASS: AIE_TEST :: Targets/AIETargetCDODirect/oneshim.mlir (248 of 1125)
PASS: AIE_TEST :: Targets/AIETargetCDODirect/shims.mlir (249 of 1125)
PASS: AIE_TEST :: Targets/AIETargetHSA/input_with_addresses.mlir (250 of 1125)
PASS: AIE_TEST :: Targets/AIETargetUcCert/cert_groups.mlir (251 of 1125)
PASS: AIE_TEST :: Targets/AIETargetUcCert/cert_to_asm.mlir (252 of 1125)
PASS: AIE_TEST :: Targets/NPU/loc_sidecar.mlir (253 of 1125)
PASS: AIE_TEST :: Targets/NPU/loc_sidecar_regdb.mlir (254 of 1125)
PASS: AIE_TEST :: Targets/NPU/npu2_1col_header.mlir (255 of 1125)
PASS: AIE_TEST :: Targets/NPU/npu2_instgen.mlir (256 of 1125)
PASS: AIE_TEST :: Targets/NPU/npu2_instgen_multiple_devices.mlir (257 of 1125)
PASS: AIE_TEST :: Targets/NPU/npu_blockwrite_instgen.mlir (258 of 1125)
PASS: AIE_TEST :: Targets/NPU/npu_dma_memcpy.mlir (259 of 1125)
PASS: AIE_TEST :: Targets/NPU/npu_instgen.mlir (260 of 1125)
PASS: AIE_TEST :: Targets/NPU/npu_runtime_operand_error.mlir (261 of 1125)
UNSUPPORTED: AIE_TEST :: aie-lsp-server/hover.test (262 of 1125)
PASS: AIE_TEST :: assign-buffer-addresses/bad_alignment.mlir (263 of 1125)
PASS: AIE_TEST :: assign-buffer-addresses/bad_buffer.mlir (264 of 1125)
PASS: AIE_TEST :: assign-buffer-addresses/bank_aware_alloc_error.mlir (265 of 1125)
PASS: AIE_TEST :: assign-buffer-addresses/bank_aware_alloc_memory_exhausted.mlir (266 of 1125)
PASS: AIE_TEST :: assign-buffer-addresses/bank_aware_alloc_memtile_error.mlir (267 of 1125)
PASS: AIE_TEST :: assign-buffer-addresses/bank_aware_alloc_memtile_simple.mlir (268 of 1125)
PASS: AIE_TEST :: assign-buffer-addresses/bank_aware_alloc_simple.mlir (269 of 1125)
PASS: AIE_TEST :: assign-buffer-addresses/bank_aware_prealloc.mlir (270 of 1125)
PASS: AIE_TEST :: assign-buffer-addresses/bank_aware_prealloc_error.mlir (271 of 1125)
PASS: AIE_TEST :: assign-buffer-addresses/basic_alloc_error.mlir (272 of 1125)
PASS: AIE_TEST :: assign-buffer-addresses/basic_alloc_memtile_error.mlir (273 of 1125)
PASS: AIE_TEST :: assign-buffer-addresses/basic_alloc_memtile_simple.mlir (274 of 1125)
PASS: AIE_TEST :: assign-buffer-addresses/basic_alloc_simple.mlir (275 of 1125)
PASS: AIE_TEST :: assign-buffer-addresses/basic_prealloc.mlir (276 of 1125)
PASS: AIE_TEST :: assign-buffer-addresses/fallback_alloc_error.mlir (277 of 1125)
PASS: AIE_TEST :: assign-buffer-addresses/fallback_routine_error.mlir (278 of 1125)
PASS: AIE_TEST :: assign-buffer-addresses/fallback_routine_simple.mlir (279 of 1125)
PASS: AIE_TEST :: assign-buffer-addresses/per_tile_alloc.mlir (280 of 1125)
PASS: AIE_TEST :: assign-buffer-addresses/per_tile_alloc_invalid.mlir (281 of 1125)
PASS: AIE_TEST :: assign-buffer-addresses/per_tile_alloc_respects_buffer_alloc.mlir (282 of 1125)
PASS: AIE_TEST :: assign-lock-ids/assign-lockIDs.mlir (283 of 1125)
PASS: AIE_TEST :: assign-lock-ids/invalid.mlir (284 of 1125)
PASS: AIE_TEST :: bd-chains-and-dma-tasks/assign-runtime-sequence-bd-ids/bad-1.mlir (285 of 1125)
PASS: AIE_TEST :: bd-chains-and-dma-tasks/assign-runtime-sequence-bd-ids/bad-2.mlir (286 of 1125)
PASS: AIE_TEST :: bd-chains-and-dma-tasks/assign-runtime-sequence-bd-ids/bad-3.mlir (287 of 1125)
PASS: AIE_TEST :: bd-chains-and-dma-tasks/assign-runtime-sequence-bd-ids/bad-double-free.mlir (288 of 1125)
PASS: AIE_TEST :: bd-chains-and-dma-tasks/assign-runtime-sequence-bd-ids/bad-peak-exhaustion.mlir (289 of 1125)
PASS: AIE_TEST :: bd-chains-and-dma-tasks/assign-runtime-sequence-bd-ids/bad-runtime-bound-pingpong.mlir (290 of 1125)
PASS: AIE_TEST :: bd-chains-and-dma-tasks/assign-runtime-sequence-bd-ids/bad-tct-imbalance.mlir (291 of 1125)
PASS: AIE_TEST :: bd-chains-and-dma-tasks/assign-runtime-sequence-bd-ids/good-1.mlir (292 of 1125)
PASS: AIE_TEST :: bd-chains-and-dma-tasks/assign-runtime-sequence-bd-ids/good-2.mlir (293 of 1125)
PASS: AIE_TEST :: bd-chains-and-dma-tasks/assign-runtime-sequence-bd-ids/good-3.mlir (294 of 1125)
PASS: AIE_TEST :: bd-chains-and-dma-tasks/assign-runtime-sequence-bd-ids/good-4.mlir (295 of 1125)
PASS: AIE_TEST :: bd-chains-and-dma-tasks/assign-runtime-sequence-bd-ids/good-5.mlir (296 of 1125)
PASS: AIE_TEST :: bd-chains-and-dma-tasks/assign-runtime-sequence-bd-ids/good-6.mlir (297 of 1125)
PASS: AIE_TEST :: bd-chains-and-dma-tasks/assign-runtime-sequence-bd-ids/good-bd-reuse-multi-buffer.mlir (298 of 1125)
PASS: AIE_TEST :: bd-chains-and-dma-tasks/assign-runtime-sequence-bd-ids/good-tct-fire-and-forget.mlir (299 of 1125)
PASS: AIE_TEST :: bd-chains-and-dma-tasks/assign-runtime-sequence-bd-ids/good-tct-nontoken-await-ignored.mlir (300 of 1125)
PASS: AIE_TEST :: bd-chains-and-dma-tasks/assign-runtime-sequence-bd-ids/scf-unsupported.mlir (301 of 1125)
PASS: AIE_TEST :: bd-chains-and-dma-tasks/dma-tasks-to-npu/bad-1.mlir (302 of 1125)
PASS: AIE_TEST :: bd-chains-and-dma-tasks/dma-tasks-to-npu/bad-10.mlir (303 of 1125)
PASS: AIE_TEST :: bd-chains-and-dma-tasks/dma-tasks-to-npu/bad-11.mlir (304 of 1125)
PASS: AIE_TEST :: bd-chains-and-dma-tasks/dma-tasks-to-npu/bad-12.mlir (305 of 1125)
PASS: AIE_TEST :: bd-chains-and-dma-tasks/dma-tasks-to-npu/bad-13.mlir (306 of 1125)
PASS: AIE_TEST :: bd-chains-and-dma-tasks/dma-tasks-to-npu/bad-14.mlir (307 of 1125)
PASS: AIE_TEST :: bd-chains-and-dma-tasks/dma-tasks-to-npu/bad-15.mlir (308 of 1125)
PASS: AIE_TEST :: bd-chains-and-dma-tasks/dma-tasks-to-npu/bad-16.mlir (309 of 1125)
PASS: AIE_TEST :: bd-chains-and-dma-tasks/dma-tasks-to-npu/bad-17.mlir (310 of 1125)
PASS: AIE_TEST :: bd-chains-and-dma-tasks/dma-tasks-to-npu/bad-18.mlir (311 of 1125)
PASS: AIE_TEST :: bd-chains-and-dma-tasks/dma-tasks-to-npu/bad-19.mlir (312 of 1125)
PASS: AIE_TEST :: bd-chains-and-dma-tasks/dma-tasks-to-npu/bad-2.mlir (313 of 1125)
PASS: AIE_TEST :: bd-chains-and-dma-tasks/dma-tasks-to-npu/bad-3.mlir (314 of 1125)
PASS: AIE_TEST :: bd-chains-and-dma-tasks/dma-tasks-to-npu/bad-4.mlir (315 of 1125)
PASS: AIE_TEST :: bd-chains-and-dma-tasks/dma-tasks-to-npu/bad-5.mlir (316 of 1125)
PASS: AIE_TEST :: bd-chains-and-dma-tasks/dma-tasks-to-npu/bad-6.mlir (317 of 1125)
PASS: AIE_TEST :: bd-chains-and-dma-tasks/dma-tasks-to-npu/bad-7.mlir (318 of 1125)
PASS: AIE_TEST :: bd-chains-and-dma-tasks/dma-tasks-to-npu/bad-8.mlir (319 of 1125)
PASS: AIE_TEST :: bd-chains-and-dma-tasks/dma-tasks-to-npu/bad-9.mlir (320 of 1125)
PASS: AIE_TEST :: bd-chains-and-dma-tasks/dma-tasks-to-npu/dma_task_with_locks.mlir (321 of 1125)
PASS: AIE_TEST :: bd-chains-and-dma-tasks/dma-tasks-to-npu/good-1.mlir (322 of 1125)
PASS: AIE_TEST :: bd-chains-and-dma-tasks/dma-tasks-to-npu/good-10.mlir (323 of 1125)
PASS: AIE_TEST :: bd-chains-and-dma-tasks/dma-tasks-to-npu/good-11.mlir (324 of 1125)
PASS: AIE_TEST :: bd-chains-and-dma-tasks/dma-tasks-to-npu/good-12.mlir (325 of 1125)
PASS: AIE_TEST :: bd-chains-and-dma-tasks/dma-tasks-to-npu/good-13.mlir (326 of 1125)
PASS: AIE_TEST :: bd-chains-and-dma-tasks/dma-tasks-to-npu/good-2.mlir (327 of 1125)
PASS: AIE_TEST :: bd-chains-and-dma-tasks/dma-tasks-to-npu/good-3.mlir (328 of 1125)
PASS: AIE_TEST :: bd-chains-and-dma-tasks/dma-tasks-to-npu/good-4.mlir (329 of 1125)
PASS: AIE_TEST :: bd-chains-and-dma-tasks/dma-tasks-to-npu/good-5.mlir (330 of 1125)
PASS: AIE_TEST :: bd-chains-and-dma-tasks/dma-tasks-to-npu/good-6.mlir (331 of 1125)
PASS: AIE_TEST :: bd-chains-and-dma-tasks/dma-tasks-to-npu/good-7.mlir (332 of 1125)
PASS: AIE_TEST :: bd-chains-and-dma-tasks/dma-tasks-to-npu/good-8.mlir (333 of 1125)
PASS: AIE_TEST :: bd-chains-and-dma-tasks/dma-tasks-to-npu/good-9.mlir (334 of 1125)
PASS: AIE_TEST :: bd-chains-and-dma-tasks/dma-tasks-to-npu/good_subview.mlir (335 of 1125)
PASS: AIE_TEST :: bd-chains-and-dma-tasks/dma-tasks-to-npu/good_unranked_memref.mlir (336 of 1125)
PASS: AIE_TEST :: bd-chains-and-dma-tasks/dma-tasks-to-npu/good_unranked_memref_dims.mlir (337 of 1125)
PASS: AIE_TEST :: bd-chains-and-dma-tasks/dma-tasks-to-npu/good_unranked_memref_repeat.mlir (338 of 1125)
PASS: AIE_TEST :: bd-chains-and-dma-tasks/dma-tasks-to-npu/islinear-strides-check.mlir (339 of 1125)
PASS: AIE_TEST :: bd-chains-and-dma-tasks/dma-tasks-to-npu/overflow-len-bad.mlir (340 of 1125)
PASS: AIE_TEST :: bd-chains-and-dma-tasks/dma-tasks-to-npu/overflow-len-good.mlir (341 of 1125)
XFAIL: AIE_TEST :: bd-chains-and-dma-tasks/materialize-bd-chains/bad-1.mlir (342 of 1125)
PASS: AIE_TEST :: bd-chains-and-dma-tasks/materialize-bd-chains/bad-2.mlir (343 of 1125)
PASS: AIE_TEST :: bd-chains-and-dma-tasks/materialize-bd-chains/bad-3.mlir (344 of 1125)
PASS: AIE_TEST :: bd-chains-and-dma-tasks/materialize-bd-chains/bad-4.mlir (345 of 1125)
PASS: AIE_TEST :: bd-chains-and-dma-tasks/materialize-bd-chains/bad-5.mlir (346 of 1125)
PASS: AIE_TEST :: bd-chains-and-dma-tasks/materialize-bd-chains/good-1.mlir (347 of 1125)
XFAIL: AIE_TEST :: bd-chains-and-dma-tasks/materialize-bd-chains/good-2.mlir (348 of 1125)
PASS: AIE_TEST :: bd-chains-and-dma-tasks/materialize-bd-chains/good-3.mlir (349 of 1125)
PASS: AIE_TEST :: bd-chains-and-dma-tasks/materialize-bd-chains/good-4.mlir (350 of 1125)
PASS: AIE_TEST :: bd-chains-and-dma-tasks/materialize-bd-chains/good-5.mlir (351 of 1125)
PASS: AIE_TEST :: bd-chains-and-dma-tasks/materialize-bd-chains/good-6.mlir (352 of 1125)
PASS: AIE_TEST :: bd-chains-and-dma-tasks/unroll-runtime-sequence-loops/good-constant-cf-flattened.mlir (353 of 1125)
PASS: AIE_TEST :: bd-chains-and-dma-tasks/unroll-runtime-sequence-loops/good-conv-halo-asymmetric.mlir (354 of 1125)
PASS: AIE_TEST :: bd-chains-and-dma-tasks/unroll-runtime-sequence-loops/good-nested.mlir (355 of 1125)
PASS: AIE_TEST :: bd-chains-and-dma-tasks/unroll-runtime-sequence-loops/good-pingpong.mlir (356 of 1125)
PASS: AIE_TEST :: benchmarks/01_DDR_SHIM_LM_FillRate/aie.mlir (357 of 1125)
PASS: AIE_TEST :: benchmarks/02_LM_SHIM_DDR_FillRate/aie.mlir (358 of 1125)
PASS: AIE_TEST :: benchmarks/03_Flood_DDR/aie.mlir (359 of 1125)
PASS: AIE_TEST :: benchmarks/04_Tile_Tile_FillRate/aie.mlir (360 of 1125)
PASS: AIE_TEST :: benchmarks/05_Core_Startup/aie.mlir (361 of 1125)
PASS: AIE_TEST :: benchmarks/06_Buffer_Store/aie.mlir (362 of 1125)
PASS: AIE_TEST :: benchmarks/07_Lock_Acquire/aie.mlir (363 of 1125)
PASS: AIE_TEST :: benchmarks/08_Lock_Release/aie.mlir (364 of 1125)
PASS: AIE_TEST :: benchmarks/09_Shim_Broadcast_Horizontal/aie.mlir (365 of 1125)
PASS: AIE_TEST :: benchmarks/10_Tile_Broadcast_Horizontal/aie.mlir (366 of 1125)
PASS: AIE_TEST :: benchmarks/11_Tile_Broadcast_Vertical/aie.mlir (367 of 1125)
PASS: AIE_TEST :: benchmarks/12_Stream_Delay/aie.mlir (368 of 1125)
PASS: AIE_TEST :: benchmarks/13_Program_Counter/aie.mlir (369 of 1125)
PASS: AIE_TEST :: benchmarks/14_Timer/aie.mlir (370 of 1125)
PASS: AIE_TEST :: canonicalize-device/canonicalize-device.mlir (371 of 1125)
PASS: AIE_TEST :: create-broadcast-packet/test_broad_packet.mlir (372 of 1125)
PASS: AIE_TEST :: create-cores/hello_world.mlir (373 of 1125)
PASS: AIE_TEST :: create-cores/loc_preservation.mlir (374 of 1125)
PASS: AIE_TEST :: create-cores/test_core0.mlir (375 of 1125)
PASS: AIE_TEST :: create-cores/test_core1.mlir (376 of 1125)
PASS: AIE_TEST :: create-cores/test_dma0.mlir (377 of 1125)
PASS: AIE_TEST :: create-cores/test_dma1.mlir (378 of 1125)
PASS: AIE_TEST :: create-flows/broadcast.mlir (379 of 1125)
PASS: AIE_TEST :: create-flows/existing_flow.mlir (380 of 1125)
PASS: AIE_TEST :: create-flows/fixed_connection_packet_conflict.mlir (381 of 1125)
PASS: AIE_TEST :: create-flows/fixed_connections.mlir (382 of 1125)
PASS: AIE_TEST :: create-flows/flow_test_1.mlir (383 of 1125)
PASS: AIE_TEST :: create-flows/flow_test_2.mlir (384 of 1125)
PASS: AIE_TEST :: create-flows/flow_test_3.mlir (385 of 1125)
PASS: AIE_TEST :: create-flows/loc_preservation.mlir (386 of 1125)
PASS: AIE_TEST :: create-flows/many_flows.mlir (387 of 1125)
PASS: AIE_TEST :: create-flows/many_flows2.mlir (388 of 1125)
PASS: AIE_TEST :: create-flows/memtile.mlir (389 of 1125)
PASS: AIE_TEST :: create-flows/memtile_routing_constraints.mlir (390 of 1125)
PASS: AIE_TEST :: create-flows/mmult.mlir (391 of 1125)
PASS: AIE_TEST :: create-flows/more_flows_shim.mlir (392 of 1125)
PASS: AIE_TEST :: create-flows/over_flows.mlir (393 of 1125)
PASS: AIE_TEST :: create-flows/routed_herd_3x1.mlir (394 of 1125)
PASS: AIE_TEST :: create-flows/routed_herd_3x2.mlir (395 of 1125)
PASS: AIE_TEST :: create-flows/simple.mlir (396 of 1125)
PASS: AIE_TEST :: create-flows/simple2.mlir (397 of 1125)
PASS: AIE_TEST :: create-flows/simple_flows.mlir (398 of 1125)
PASS: AIE_TEST :: create-flows/simple_flows2.mlir (399 of 1125)
PASS: AIE_TEST :: create-flows/simple_flows_shim.mlir (400 of 1125)
PASS: AIE_TEST :: create-flows/unreachable_dest_err_test.mlir (401 of 1125)
PASS: AIE_TEST :: create-flows/vecmul_4x4_slow_test.mlir (402 of 1125)
PASS: AIE_TEST :: create-locks/test_lock0.mlir (403 of 1125)
PASS: AIE_TEST :: create-locks/test_lock1.mlir (404 of 1125)
PASS: AIE_TEST :: create-locks/test_lock2.mlir (405 of 1125)
PASS: AIE_TEST :: create-locks/test_lock3.mlir (406 of 1125)
PASS: AIE_TEST :: create-locks/test_lock4.mlir (407 of 1125)
PASS: AIE_TEST :: create-locks/test_lock5.mlir (408 of 1125)
PASS: AIE_TEST :: create-locks/test_lock6.mlir (409 of 1125)
PASS: AIE_TEST :: create-multicast/test_multicast.mlir (410 of 1125)
PASS: AIE_TEST :: create-packet-flows/aie2_memtile_connection.mlir (411 of 1125)
PASS: AIE_TEST :: create-packet-flows/badpacket_flow.mlir (412 of 1125)
PASS: AIE_TEST :: create-packet-flows/badpacket_flow_source_count.mlir (413 of 1125)
PASS: AIE_TEST :: create-packet-flows/circuit_and_packet_routing.mlir (414 of 1125)
PASS: AIE_TEST :: create-packet-flows/multi_source_packet_flow.mlir (415 of 1125)
PASS: AIE_TEST :: create-packet-flows/multi_source_pathfinder.mlir (416 of 1125)
PASS: AIE_TEST :: create-packet-flows/packet_flow_dest_before_source.mlir (417 of 1125)
PASS: AIE_TEST :: create-packet-flows/packet_routing_keep_pkt_header.mlir (418 of 1125)
PASS: AIE_TEST :: create-packet-flows/packet_routing_priority_route.mlir (419 of 1125)
PASS: AIE_TEST :: create-packet-flows/test_congestion0.mlir (420 of 1125)
PASS: AIE_TEST :: create-packet-flows/test_congestion1.mlir (421 of 1125)
PASS: AIE_TEST :: create-packet-flows/test_congestion_flow_pktflow_cascade_all_in_one.mlir (422 of 1125)
PASS: AIE_TEST :: create-packet-flows/test_create_packet_flows0.mlir (423 of 1125)
PASS: AIE_TEST :: create-packet-flows/test_create_packet_flows1.mlir (424 of 1125)
PASS: AIE_TEST :: create-packet-flows/test_create_packet_flows2.mlir (425 of 1125)
PASS: AIE_TEST :: create-packet-flows/test_create_packet_flows3.mlir (426 of 1125)
PASS: AIE_TEST :: create-packet-flows/test_create_packet_flows4.mlir (427 of 1125)
PASS: AIE_TEST :: create-packet-flows/test_create_packet_flows5.mlir (428 of 1125)
PASS: AIE_TEST :: create-packet-flows/test_create_packet_flows7.mlir (429 of 1125)
PASS: AIE_TEST :: create-packet-flows/test_create_packet_flows_shim0.mlir (430 of 1125)
PASS: AIE_TEST :: create-packet-flows/test_create_packet_flows_shim1.mlir (431 of 1125)
PASS: AIE_TEST :: create-packet-flows/trace_packet_routing.mlir (432 of 1125)
PASS: AIE_TEST :: dialect/AIE/assign_controller_ids.mlir (433 of 1125)
PASS: AIE_TEST :: dialect/AIE/bad_cascade.mlir (434 of 1125)
PASS: AIE_TEST :: dialect/AIE/bad_column_control_overlay.mlir (435 of 1125)
PASS: AIE_TEST :: dialect/AIE/bad_dma_op.mlir (436 of 1125)
PASS: AIE_TEST :: dialect/AIE/badbuffer-ve2802.mlir (437 of 1125)
PASS: AIE_TEST :: dialect/AIE/badbuffer.mlir (438 of 1125)
PASS: AIE_TEST :: dialect/AIE/badcascade-vc1902.mlir (439 of 1125)
PASS: AIE_TEST :: dialect/AIE/badcascade-ve2802.mlir (440 of 1125)
PASS: AIE_TEST :: dialect/AIE/badconnect.mlir (441 of 1125)
PASS: AIE_TEST :: dialect/AIE/badcore.mlir (442 of 1125)
PASS: AIE_TEST :: dialect/AIE/badcore2.mlir (443 of 1125)
PASS: AIE_TEST :: dialect/AIE/badgetcascade-vc1902.mlir (444 of 1125)
PASS: AIE_TEST :: dialect/AIE/badgetcascade-ve2802.mlir (445 of 1125)
PASS: AIE_TEST :: dialect/AIE/badlock-vc1902.mlir (446 of 1125)
PASS: AIE_TEST :: dialect/AIE/badlock-ve2802.mlir (447 of 1125)
PASS: AIE_TEST :: dialect/AIE/badlock.mlir (448 of 1125)
PASS: AIE_TEST :: dialect/AIE/badlockdma.mlir (449 of 1125)
PASS: AIE_TEST :: dialect/AIE/badlockfunc.mlir (450 of 1125)
PASS: AIE_TEST :: dialect/AIE/badmem.mlir (451 of 1125)
PASS: AIE_TEST :: dialect/AIE/badmem_toomanybds.mlir (452 of 1125)
PASS: AIE_TEST :: dialect/AIE/badmemtile_circ_sw.mlir (453 of 1125)
PASS: AIE_TEST :: dialect/AIE/badmemtile_pkt_sw.mlir (454 of 1125)
PASS: AIE_TEST :: dialect/AIE/badmemtiledma.mlir (455 of 1125)
PASS: AIE_TEST :: dialect/AIE/badmemtiledma2.mlir (456 of 1125)
PASS: AIE_TEST :: dialect/AIE/badmemtiledma_channel4buffer.mlir (457 of 1125)
PASS: AIE_TEST :: dialect/AIE/badmemtiledma_channel4lock.mlir (458 of 1125)
PASS: AIE_TEST :: dialect/AIE/badmemtiledma_neighboraccess.mlir (459 of 1125)
PASS: AIE_TEST :: dialect/AIE/badshim_notnoc.mlir (460 of 1125)
PASS: AIE_TEST :: dialect/AIE/badshim_toomanybds.mlir (461 of 1125)
PASS: AIE_TEST :: dialect/AIE/badshimtiledma.mlir (462 of 1125)
XFAIL: AIE_TEST :: dialect/AIE/badswitchbox_dmanoc-vc1902.mlir (463 of 1125)
PASS: AIE_TEST :: dialect/AIE/badswitchbox_memtile_nofifo-ve2802.mlir (464 of 1125)
PASS: AIE_TEST :: dialect/AIE/badswitchbox_shimtile_nodma-ve2802.mlir (465 of 1125)
PASS: AIE_TEST :: dialect/AIE/badtile-ve2802.mlir (466 of 1125)
PASS: AIE_TEST :: dialect/AIE/badtile.mlir (467 of 1125)
PASS: AIE_TEST :: dialect/AIE/badtile2.mlir (468 of 1125)
PASS: AIE_TEST :: dialect/AIE/badtiledma.mlir (469 of 1125)
PASS: AIE_TEST :: dialect/AIE/badtiledma2.mlir (470 of 1125)
PASS: AIE_TEST :: dialect/AIE/badtiledma3.mlir (471 of 1125)
PASS: AIE_TEST :: dialect/AIE/badtiledma4.mlir (472 of 1125)
PASS: AIE_TEST :: dialect/AIE/badtiledma5.mlir (473 of 1125)
PASS: AIE_TEST :: dialect/AIE/badtrace_core-vc1902.mlir (474 of 1125)
PASS: AIE_TEST :: dialect/AIE/badtrace_core-ve2302.mlir (475 of 1125)
PASS: AIE_TEST :: dialect/AIE/badtrace_core-ve2802.mlir (476 of 1125)
PASS: AIE_TEST :: dialect/AIE/badtrace_memtile-ve2302.mlir (477 of 1125)
PASS: AIE_TEST :: dialect/AIE/badtrace_memtile-ve2802.mlir (478 of 1125)
PASS: AIE_TEST :: dialect/AIE/badtrace_shim-vc1902.mlir (479 of 1125)
PASS: AIE_TEST :: dialect/AIE/badtrace_shim-ve2302.mlir (480 of 1125)
PASS: AIE_TEST :: dialect/AIE/badtrace_shim-ve2802.mlir (481 of 1125)
PASS: AIE_TEST :: dialect/AIE/buffer.mlir (482 of 1125)
PASS: AIE_TEST :: dialect/AIE/canonicalize-mem.mlir (483 of 1125)
PASS: AIE_TEST :: dialect/AIE/canonicalize_linear_dma_bd.mlir (484 of 1125)
PASS: AIE_TEST :: dialect/AIE/canonicalize_no_linearize_iter_bd.mlir (485 of 1125)
PASS: AIE_TEST :: dialect/AIE/cascade-vc1902.mlir (486 of 1125)
PASS: AIE_TEST :: dialect/AIE/cascade-ve2802.mlir (487 of 1125)
PASS: AIE_TEST :: dialect/AIE/cascade_flow.mlir (488 of 1125)
PASS: AIE_TEST :: dialect/AIE/combo_edge/test_combo_edge_full.mlir (489 of 1125)
PASS: AIE_TEST :: dialect/AIE/combo_edge/test_combo_event_parse.mlir (490 of 1125)
PASS: AIE_TEST :: dialect/AIE/combo_edge/test_combo_event_verify.mlir (491 of 1125)
PASS: AIE_TEST :: dialect/AIE/combo_edge/test_combo_to_config.mlir (492 of 1125)
PASS: AIE_TEST :: dialect/AIE/combo_edge/test_edge_to_config.mlir (493 of 1125)
PASS: AIE_TEST :: dialect/AIE/configure_cascade.mlir (494 of 1125)
PASS: AIE_TEST :: dialect/AIE/duplicate_core.mlir (495 of 1125)
PASS: AIE_TEST :: dialect/AIE/duplicate_core_ok.mlir (496 of 1125)
PASS: AIE_TEST :: dialect/AIE/example0.mlir (497 of 1125)
PASS: AIE_TEST :: dialect/AIE/generate_column_control_overlay.mlir (498 of 1125)
PASS: AIE_TEST :: dialect/AIE/logical_tile_op_bad.mlir (499 of 1125)
PASS: AIE_TEST :: dialect/AIE/logical_tile_op_basic.mlir (500 of 1125)
PASS: AIE_TEST :: dialect/AIE/logical_tile_op_withops.mlir (501 of 1125)
PASS: AIE_TEST :: dialect/AIE/logical_tile_op_withops_bad.mlir (502 of 1125)
PASS: AIE_TEST :: dialect/AIE/memory-affinity-vc1902.mlir (503 of 1125)
PASS: AIE_TEST :: dialect/AIE/memory-affinity-vc2302.mlir (504 of 1125)
PASS: AIE_TEST :: dialect/AIE/memory-affinity-vc2802.mlir (505 of 1125)
PASS: AIE_TEST :: dialect/AIE/memtiledma.mlir (506 of 1125)
PASS: AIE_TEST :: dialect/AIE/memtiledma_channel4buffer.mlir (507 of 1125)
PASS: AIE_TEST :: dialect/AIE/memtiledma_channel4lock.mlir (508 of 1125)
PASS: AIE_TEST :: dialect/AIE/memtiledma_defaults.mlir (509 of 1125)
PASS: AIE_TEST :: dialect/AIE/memtiledma_neighboraccess.mlir (510 of 1125)
PASS: AIE_TEST :: dialect/AIE/multiple_devices.mlir (511 of 1125)
PASS: AIE_TEST :: dialect/AIE/nd-dma-bad-pad.mlir (512 of 1125)
PASS: AIE_TEST :: dialect/AIE/nd-dma-bad-stride.mlir (513 of 1125)
PASS: AIE_TEST :: dialect/AIE/nd-dma-oob.mlir (514 of 1125)
PASS: AIE_TEST :: dialect/AIE/nd-dma-pad-exceeds-len.mlir (515 of 1125)
PASS: AIE_TEST :: dialect/AIE/nd-dma-too-many-dims-1.mlir (516 of 1125)
PASS: AIE_TEST :: dialect/AIE/nd-dma-too-many-dims-2.mlir (517 of 1125)
PASS: AIE_TEST :: dialect/AIE/objectfifo_array_depth_init_values_roundtrip.mlir (518 of 1125)
PASS: AIE_TEST :: dialect/AIE/objectfifo_bad.mlir (519 of 1125)
PASS: AIE_TEST :: dialect/AIE/objectfifo_bad_acquire.mlir (520 of 1125)
PASS: AIE_TEST :: dialect/AIE/objectfifo_bad_allocate.mlir (521 of 1125)
PASS: AIE_TEST :: dialect/AIE/objectfifo_bad_link.mlir (522 of 1125)
PASS: AIE_TEST :: dialect/AIE/objectfifo_bad_release.mlir (523 of 1125)
PASS: AIE_TEST :: dialect/AIE/objectfifo_invalid_shim_dims.mlir (524 of 1125)
PASS: AIE_TEST :: dialect/AIE/objectfifo_invalid_shim_init_values.mlir (525 of 1125)
PASS: AIE_TEST :: dialect/AIE/objectfifo_invalid_shim_repeat.mlir (526 of 1125)
PASS: AIE_TEST :: dialect/AIE/objectfifo_link_no_distribute_AIE1.mlir (527 of 1125)
PASS: AIE_TEST :: dialect/AIE/objectfifo_register_external_buffers_bad.mlir (528 of 1125)
PASS: AIE_TEST :: dialect/AIE/objectfifo_subview_access_overflow.mlir (529 of 1125)
PASS: AIE_TEST :: dialect/AIE/roundtrip.mlir (530 of 1125)
PASS: AIE_TEST :: dialect/AIE/shimdma.mlir (531 of 1125)
PASS: AIE_TEST :: dialect/AIE/simple-vc1902.mlir (532 of 1125)
PASS: AIE_TEST :: dialect/AIE/simple-ve2802.mlir (533 of 1125)
PASS: AIE_TEST :: dialect/AIE/simple.mlir (534 of 1125)
PASS: AIE_TEST :: dialect/AIE/switchbox-vc1902.mlir (535 of 1125)
PASS: AIE_TEST :: dialect/AIE/switchbox-ve2802.mlir (536 of 1125)
PASS: AIE_TEST :: dialect/AIE/tiledma.mlir (537 of 1125)
PASS: AIE_TEST :: dialect/AIE/tileop_cse.mlir (538 of 1125)
PASS: AIE_TEST :: dialect/AIE/trace/test_insert_trace_flows.mlir (539 of 1125)
PASS: AIE_TEST :: dialect/AIE/trace/test_insert_trace_flows_conflicts.mlir (540 of 1125)
PASS: AIE_TEST :: dialect/AIE/trace/test_insert_trace_flows_controller_id.mlir (541 of 1125)
PASS: AIE_TEST :: dialect/AIE/trace/test_insert_trace_flows_distribute.mlir (542 of 1125)
PASS: AIE_TEST :: dialect/AIE/trace/test_insert_trace_flows_duplicate_unit.mlir (543 of 1125)
PASS: AIE_TEST :: dialect/AIE/trace/test_insert_trace_flows_egress_shim_col.mlir (544 of 1125)
PASS: AIE_TEST :: dialect/AIE/trace/test_insert_trace_flows_lateral.mlir (545 of 1125)
PASS: AIE_TEST :: dialect/AIE/trace/test_insert_trace_flows_options.mlir (546 of 1125)
PASS: AIE_TEST :: dialect/AIE/trace/test_insert_trace_flows_simple.mlir (547 of 1125)
PASS: AIE_TEST :: dialect/AIE/trace/test_insert_trace_flows_verify.mlir (548 of 1125)
PASS: AIE_TEST :: dialect/AIE/trace/test_insert_trace_flows_verify_packet_id_overflow.mlir (549 of 1125)
PASS: AIE_TEST :: dialect/AIE/trace/test_trace_host_config_verify.mlir (550 of 1125)
PASS: AIE_TEST :: dialect/AIE/trace/test_trace_parse.mlir (551 of 1125)
PASS: AIE_TEST :: dialect/AIE/trace/test_trace_port_parse.mlir (552 of 1125)
PASS: AIE_TEST :: dialect/AIE/trace/test_trace_port_to_config.mlir (553 of 1125)
PASS: AIE_TEST :: dialect/AIE/trace/test_trace_port_verify.mlir (554 of 1125)
PASS: AIE_TEST :: dialect/AIE/trace/test_trace_to_config.mlir (555 of 1125)
PASS: AIE_TEST :: dialect/AIE/trace/test_trace_to_config_verify.mlir (556 of 1125)
PASS: AIE_TEST :: dialect/AIE/trace/test_trace_verify.mlir (557 of 1125)
PASS: AIE_TEST :: dialect/AIEVec/AIE1/roundtrip.mlir (558 of 1125)
PASS: AIE_TEST :: dialect/AIEVec/Transform/invalid.mlir (559 of 1125)
PASS: AIE_TEST :: dialect/AIEVec/Transform/vectorize-contraction.mlir (560 of 1125)
PASS: AIE_TEST :: dialect/AIEVec/dyn-sizes-no-implicit-broadcast.mlir (561 of 1125)
PASS: AIE_TEST :: dialect/AIEVec/fold-ops.mlir (562 of 1125)
PASS: AIE_TEST :: dialect/AIEVec/invalid.mlir (563 of 1125)
PASS: AIE_TEST :: dialect/AIEVec/mac-optimization.mlir (564 of 1125)
PASS: AIE_TEST :: dialect/AIEVec/precanonicalization-aieml-llvmir.mlir (565 of 1125)
PASS: AIE_TEST :: dialect/AIEVec/precanonicalization-aieml.mlir (566 of 1125)
PASS: AIE_TEST :: dialect/AIEVec/roundtrip.mlir (567 of 1125)
PASS: AIE_TEST :: dialect/AIEVec/split-load-ups-chains-aie2p.mlir (568 of 1125)
PASS: AIE_TEST :: dialect/AIEX/bad_npu_nd.mlir (569 of 1125)
PASS: AIE_TEST :: dialect/AIEX/bad_npu_push_queue.mlir (570 of 1125)
PASS: AIE_TEST :: dialect/AIEX/bad_npu_write_bd.mlir (571 of 1125)
PASS: AIE_TEST :: dialect/AIEX/canonicalize_linear.mlir (572 of 1125)
PASS: AIE_TEST :: dialect/AIEX/canonicalize_linear_dma_task.mlir (573 of 1125)
PASS: AIE_TEST :: dialect/AIEX/cert_ops.mlir (574 of 1125)
PASS: AIE_TEST :: dialect/AIEX/contiguous_large_dma.mlir (575 of 1125)
PASS: AIE_TEST :: dialect/AIEX/ctrl_pkt_infer_tile_ops.mlir (576 of 1125)
PASS: AIE_TEST :: dialect/AIEX/ctrl_pkt_to_dma.mlir (577 of 1125)
PASS: AIE_TEST :: dialect/AIEX/invalid.mlir (578 of 1125)
PASS: AIE_TEST :: dialect/AIEX/invalid_parameters.mlir (579 of 1125)
PASS: AIE_TEST :: dialect/AIEX/npu_nd_unranked_memref.mlir (580 of 1125)
PASS: AIE_TEST :: dialect/AIEX/pkt_legalize.mlir (581 of 1125)
PASS: AIE_TEST :: dialect/AIEX/roundtrip.mlir (582 of 1125)
PASS: AIE_TEST :: dialect/AIEX/sequence_with_configures.mlir (583 of 1125)
PASS: AIE_TEST :: dialect/AIEX/sequence_with_configures_bad.mlir (584 of 1125)
PASS: AIE_TEST :: dialect/AIEX/trace/test_inline_trace_config.mlir (585 of 1125)
PASS: AIE_TEST :: dialect/AIEX/trace/test_inline_trace_config_verify.mlir (586 of 1125)
PASS: AIE_TEST :: dialect/AIEX/trace/test_trace_end_to_end.mlir (587 of 1125)
PASS: AIE_TEST :: dialect/AIEX/trace/test_trace_port_end_to_end.mlir (588 of 1125)
PASS: AIE_TEST :: dialect/AIEX/txn_to_pkt.mlir (589 of 1125)
PASS: AIE_TEST :: dialect/XLLVM/invalid.mlir (590 of 1125)
PASS: AIE_TEST :: find-flows/find_flows.mlir (591 of 1125)
PASS: AIE_TEST :: find-flows/id_check.mlir (592 of 1125)
PASS: AIE_TEST :: find-flows/id_check2.mlir (593 of 1125)
PASS: AIE_TEST :: find-flows/shim.mlir (594 of 1125)
FAIL: AIE_TEST :: generate-mmap/allocation_error.mlir (595 of 1125)
PASS: AIE_TEST :: generate-mmap/allocation_error_chess.mlir (596 of 1125)
PASS: AIE_TEST :: generate-mmap/test_mmap0.mlir (597 of 1125)
PASS: AIE_TEST :: generate-mmap/test_mmap1.mlir (598 of 1125)
PASS: AIE_TEST :: generate-mmap/test_mmap2.mlir (599 of 1125)
PASS: AIE_TEST :: generate-mmap/test_mmap3.mlir (600 of 1125)
PASS: AIE_TEST :: generate-mmap/test_mmap4.mlir (601 of 1125)
PASS: AIE_TEST :: generate-mmap/test_mmap5.mlir (602 of 1125)
PASS: AIE_TEST :: localize-locks/locks-ve2802.mlir (603 of 1125)
PASS: AIE_TEST :: localize-locks/locks1.mlir (604 of 1125)
PASS: AIE_TEST :: lower-cascade-flows/cascade_single_flow.mlir (605 of 1125)
PASS: AIE_TEST :: lower-cascade-flows/cascade_two_flows.mlir (606 of 1125)
PASS: AIE_TEST :: lower-to-standard/aiex_standard_lowering.mlir (607 of 1125)
PASS: AIE_TEST :: lower-to-standard/core_uses_device_constant.mlir (608 of 1125)
PASS: AIE_TEST :: lower-to-standard/loc_preservation.mlir (609 of 1125)
PASS: AIE_TEST :: lower-to-standard/local_locks.mlir (610 of 1125)
PASS: AIE_TEST :: lower-to-standard/local_locks_aie2.mlir (611 of 1125)
PASS: AIE_TEST :: lower-to-standard/local_locks_aie2p.mlir (612 of 1125)
PASS: AIE_TEST :: lower-to-standard/lower_buffer.mlir (613 of 1125)
PASS: AIE_TEST :: lower-to-standard/lower_buffer_and_lock.mlir (614 of 1125)
PASS: AIE_TEST :: lower-to-standard/lower_cascade_put_get.mlir (615 of 1125)
PASS: AIE_TEST :: lower-to-standard/lower_dma.mlir (616 of 1125)
PASS: AIE_TEST :: lower-to-standard/lower_event.mlir (617 of 1125)
PASS: AIE_TEST :: lower-to-standard/lower_stream.mlir (618 of 1125)
PASS: AIE_TEST :: lower-to-standard/srs_rounding_mode_aie2.mlir (619 of 1125)
PASS: AIE_TEST :: lower-to-standard/srs_rounding_mode_aie2p.mlir (620 of 1125)
PASS: AIE_TEST :: lower-to-standard/srs_rounding_mode_bf16_matmul.mlir (621 of 1125)
PASS: AIE_TEST :: lower-to-standard/useLock_in_func.mlir (622 of 1125)
PASS: AIE_TEST :: lower-to-standard/useLock_in_func_aie2.mlir (623 of 1125)
PASS: AIE_TEST :: lower-to-standard/useLock_in_func_aie2p.mlir (624 of 1125)
PASS: AIE_TEST :: normalize_address_spaces/normalize_call_op.mlir (625 of 1125)
PASS: AIE_TEST :: npu-xrt/add_12_i8_using_2d_dma_op_with_padding/run.lit (626 of 1125)
PASS: AIE_TEST :: npu-xrt/add_21_i8_using_dma_op_with_padding/run.lit (627 of 1125)
PASS: AIE_TEST :: npu-xrt/add_256_using_dma_op_no_double_buffering/run.lit (628 of 1125)
PASS: AIE_TEST :: npu-xrt/add_314_using_dma_op/run.lit (629 of 1125)
PASS: AIE_TEST :: npu-xrt/add_378_i32_using_dma_op_with_padding/run.lit (630 of 1125)
PASS: AIE_TEST :: npu-xrt/add_blockwrite/run.lit (631 of 1125)
PASS: AIE_TEST :: npu-xrt/add_maskwrite/run.lit (632 of 1125)
PASS: AIE_TEST :: npu-xrt/add_multi_arg_runlist/run.lit (633 of 1125)
PASS: AIE_TEST :: npu-xrt/add_one_cpp_aiecc/run.lit (634 of 1125)
PASS: AIE_TEST :: npu-xrt/add_one_cpp_aiecc_xchesscc/run.lit (635 of 1125)
FAIL: AIE_TEST :: npu-xrt/add_one_ctrl_packet_4_cores/run.lit (636 of 1125)
PASS: AIE_TEST :: npu-xrt/add_one_func_link_with_chess/run.lit (637 of 1125)
PASS: AIE_TEST :: npu-xrt/add_one_func_link_with_peano/run.lit (638 of 1125)
PASS: AIE_TEST :: npu-xrt/add_one_objFifo/run.lit (639 of 1125)
UNSUPPORTED: AIE_TEST :: npu-xrt/add_one_objFifo/test.py (640 of 1125)
PASS: AIE_TEST :: npu-xrt/add_one_objFifo_elf/run.lit (641 of 1125)
UNSUPPORTED: AIE_TEST :: npu-xrt/add_one_objFifo_elf/test.py (642 of 1125)
PASS: AIE_TEST :: npu-xrt/add_one_scale_func_link_with_chess/run.lit (643 of 1125)
PASS: AIE_TEST :: npu-xrt/add_one_scale_func_link_with_peano/run.lit (644 of 1125)
PASS: AIE_TEST :: npu-xrt/add_one_two/run.lit (645 of 1125)
PASS: AIE_TEST :: npu-xrt/add_one_two_runlist/run.lit (646 of 1125)
PASS: AIE_TEST :: npu-xrt/add_one_two_txn/run.lit (647 of 1125)
PASS: AIE_TEST :: npu-xrt/add_one_using_dma/run.lit (648 of 1125)
UNSUPPORTED: AIE_TEST :: npu-xrt/adjacent_memtile_access/three_memtiles/aie2.py (649 of 1125)
UNSUPPORTED: AIE_TEST :: npu-xrt/adjacent_memtile_access/two_memtiles/aie2.py (650 of 1125)
UNSUPPORTED: AIE_TEST :: npu-xrt/adjacent_memtile_allocation/onelargefifo_on_2memtile/ext_to_core_L2_placed.py (651 of 1125)
UNSUPPORTED: AIE_TEST :: npu-xrt/adjacent_memtile_allocation/onelargefifo_on_3memtile/ext_to_core_L2_placed.py (652 of 1125)
UNSUPPORTED: AIE_TEST :: npu-xrt/adjacent_memtile_allocation/twofifo_one_2memtile/ext_to_core_L2_placed.py (653 of 1125)
UNSUPPORTED: AIE_TEST :: npu-xrt/bd_chain_repeat_on_memtile/aie2.py (654 of 1125)
UNSUPPORTED: AIE_TEST :: npu-xrt/cascade_flows/run.lit (655 of 1125)
UNSUPPORTED: AIE_TEST :: npu-xrt/column_specific/aie2.py (656 of 1125)
PASS: AIE_TEST :: npu-xrt/core_dmas/dma_configure_task_lock/run.lit (657 of 1125)
PASS: AIE_TEST :: npu-xrt/core_dmas/dma_configure_task_token/run.lit (658 of 1125)
UNSUPPORTED: AIE_TEST :: npu-xrt/device_width/aie2.py (659 of 1125)
UNSUPPORTED: AIE_TEST :: npu-xrt/dma_complex_dims/aie2.py (660 of 1125)
UNSUPPORTED: AIE_TEST :: npu-xrt/dma_task_large_linear/aie2.py (661 of 1125)
PASS: AIE_TEST :: npu-xrt/dmabd_task_queue/run.lit (662 of 1125)
UNSUPPORTED: AIE_TEST :: npu-xrt/dynamic_object_fifo/nested_loops/aie2.py (663 of 1125)
UNSUPPORTED: AIE_TEST :: npu-xrt/dynamic_object_fifo/ping_pong/aie2.py (664 of 1125)
UNSUPPORTED: AIE_TEST :: npu-xrt/dynamic_object_fifo/reduction/aie2.py (665 of 1125)
UNSUPPORTED: AIE_TEST :: npu-xrt/dynamic_object_fifo/sliding_window/aie2.py (666 of 1125)
UNSUPPORTED: AIE_TEST :: npu-xrt/dynamic_object_fifo/sliding_window_conditional/aie2.py (667 of 1125)
UNSUPPORTED: AIE_TEST :: npu-xrt/dynamic_object_fifo/two_core_sliding_window/aie2.py (668 of 1125)
PASS: AIE_TEST :: npu-xrt/loadpdi/run.lit (669 of 1125)
PASS: AIE_TEST :: npu-xrt/many_buffers/run.lit (670 of 1125)
UNSUPPORTED: AIE_TEST :: npu-xrt/matrix_multiplication_using_cascade/run.lit (671 of 1125)
UNSUPPORTED: AIE_TEST :: npu-xrt/matrix_transpose/aie2.py (672 of 1125)
UNSUPPORTED: AIE_TEST :: npu-xrt/memtile_dmas/blockwrite_using_locks/run.lit (673 of 1125)
PASS: AIE_TEST :: npu-xrt/memtile_dmas/dma_configure_task_lock/run.lit (674 of 1125)
PASS: AIE_TEST :: npu-xrt/memtile_dmas/dma_configure_task_token/run.lit (675 of 1125)
UNSUPPORTED: AIE_TEST :: npu-xrt/memtile_dmas/writebd/run.lit (676 of 1125)
UNSUPPORTED: AIE_TEST :: npu-xrt/memtile_dmas/writebd_tokens/run.lit (677 of 1125)
PASS: AIE_TEST :: npu-xrt/multi_source_packet_flow/run.lit (678 of 1125)
UNSUPPORTED: AIE_TEST :: npu-xrt/nd_memcpy_linear_repeat/aie2.py (679 of 1125)
UNSUPPORTED: AIE_TEST :: npu-xrt/nd_memcpy_transforms/aie2.py (680 of 1125)
UNSUPPORTED: AIE_TEST :: npu-xrt/neighbor_tile_memory_access/aie2.py (681 of 1125)
PASS: AIE_TEST :: npu-xrt/objectfifo_cyclostatic_acquire_in_loop/run.lit (682 of 1125)
UNSUPPORTED: AIE_TEST :: npu-xrt/objectfifo_cyclostatic_acquire_in_loop/test.py (683 of 1125)
UNSUPPORTED: AIE_TEST :: npu-xrt/objectfifo_cyclostatic_acquire_in_loop_npu1/run.lit (684 of 1125)
PASS: AIE_TEST :: npu-xrt/objectfifo_cyclostatic_both_outer_inner/run.lit (685 of 1125)
UNSUPPORTED: AIE_TEST :: npu-xrt/objectfifo_cyclostatic_both_outer_inner/test.py (686 of 1125)
PASS: AIE_TEST :: npu-xrt/objectfifo_cyclostatic_multiple_fifos/run.lit (687 of 1125)
UNSUPPORTED: AIE_TEST :: npu-xrt/objectfifo_cyclostatic_multiple_fifos/test.py (688 of 1125)
PASS: AIE_TEST :: npu-xrt/objectfifo_cyclostatic_sibling_loops/run.lit (689 of 1125)
UNSUPPORTED: AIE_TEST :: npu-xrt/objectfifo_cyclostatic_sibling_loops/test.py (690 of 1125)
PASS: AIE_TEST :: npu-xrt/objectfifo_cyclostatic_two_core_mutual/run.lit (691 of 1125)
UNSUPPORTED: AIE_TEST :: npu-xrt/objectfifo_cyclostatic_two_core_mutual/test.py (692 of 1125)
PASS: AIE_TEST :: npu-xrt/objectfifo_cyclostatic_two_core_pipeline/run.lit (693 of 1125)
UNSUPPORTED: AIE_TEST :: npu-xrt/objectfifo_cyclostatic_two_core_pipeline/test.py (694 of 1125)
UNSUPPORTED: AIE_TEST :: npu-xrt/objectfifo_cyclostatic_two_core_pipeline_npu1/run.lit (695 of 1125)
PASS: AIE_TEST :: npu-xrt/objectfifo_cyclostatic_zero_trip_guard/run.lit (696 of 1125)
UNSUPPORTED: AIE_TEST :: npu-xrt/objectfifo_cyclostatic_zero_trip_guard/test.py (697 of 1125)
UNSUPPORTED: AIE_TEST :: npu-xrt/objectfifo_repeat/compute_repeat/aie2.py (698 of 1125)
UNSUPPORTED: AIE_TEST :: npu-xrt/objectfifo_repeat/distribute_repeat/aie2.py (699 of 1125)
UNSUPPORTED: AIE_TEST :: npu-xrt/objectfifo_repeat/init_values_repeat/aie2.py (700 of 1125)
UNSUPPORTED: AIE_TEST :: npu-xrt/objectfifo_repeat/simple_repeat/aie2.py (701 of 1125)
PASS: AIE_TEST :: npu-xrt/packet_flow/run.lit (702 of 1125)
PASS: AIE_TEST :: npu-xrt/packet_flow_fanin/run.lit (703 of 1125)
PASS: AIE_TEST :: npu-xrt/packet_flow_fanout/run.lit (704 of 1125)
FAIL: AIE_TEST :: npu-xrt/reconfigure_loadpdi/run_ctrlpkt.lit (705 of 1125)
PASS: AIE_TEST :: npu-xrt/reconfigure_loadpdi/run_loadpdi.lit (706 of 1125)
PASS: AIE_TEST :: npu-xrt/reconfigure_loadpdi/run_write32s.lit (707 of 1125)
PASS: AIE_TEST :: npu-xrt/reconfigure_loadpdi_persistent_memtile/run_loadpdi.lit (708 of 1125)
PASS: AIE_TEST :: npu-xrt/reconfigure_loadpdi_persistent_memtile/run_write32s.lit (709 of 1125)
UNSUPPORTED: AIE_TEST :: npu-xrt/rolled_pingpong_passthrough/aie2.py (710 of 1125)
UNSUPPORTED: AIE_TEST :: npu-xrt/runtime_cumsum/run.lit (711 of 1125)
PASS: AIE_TEST :: npu-xrt/scratchpad_addr_offset/run.lit (712 of 1125)
PASS: AIE_TEST :: npu-xrt/scratchpad_params/run.lit (713 of 1125)
PASS: AIE_TEST :: npu-xrt/scratchpad_regwrite/run.lit (714 of 1125)
PASS: AIE_TEST :: npu-xrt/shim_dma_bd_reuse/run.lit (715 of 1125)
PASS: AIE_TEST :: npu-xrt/static_L1_init/run.lit (716 of 1125)
UNSUPPORTED: AIE_TEST :: npu-xrt/sync_task_complete_token/aie2.py (717 of 1125)
UNSUPPORTED: AIE_TEST :: npu-xrt/sync_task_complete_token_bd_chaining/aie2.py (718 of 1125)
UNSUPPORTED: AIE_TEST :: npu-xrt/tile_dmas/blockwrite_using_locks/run.lit (719 of 1125)
UNSUPPORTED: AIE_TEST :: npu-xrt/tile_dmas/writebd/run.lit (720 of 1125)
UNSUPPORTED: AIE_TEST :: npu-xrt/tile_dmas/writebd_tokens/run.lit (721 of 1125)
UNSUPPORTED: AIE_TEST :: npu-xrt/tile_mapped_read/run.lit (722 of 1125)
UNSUPPORTED: AIE_TEST :: npu-xrt/two_col/run.lit (723 of 1125)
PASS: AIE_TEST :: npu-xrt/vec_mul_event_trace/test.py (724 of 1125)
UNSUPPORTED: AIE_TEST :: npu-xrt/vec_mul_trace_distribute_lateral/test.py (725 of 1125)
PASS: AIE_TEST :: npu-xrt/vec_vec_add_memtile_init/run.lit (726 of 1125)
UNSUPPORTED: AIE_TEST :: npu-xrt/vec_vec_add_objfifo_init/aie2.py (727 of 1125)
PASS: AIE_TEST :: npu-xrt/vec_vec_add_tile_init/run.lit (728 of 1125)
UNSUPPORTED: AIE_TEST :: npu-xrt/vector_scalar_using_dma/run.lit (729 of 1125)
PASS: AIE_TEST :: npu-xrt/verify_npu2_env/run.lit (730 of 1125)
PASS: AIE_TEST :: npu-xrt/xrt_handle_lifetime/run_ordered.lit (731 of 1125)
PASS: AIE_TEST :: npu-xrt/xrt_handle_lifetime/run_stale_instr_bo.lit (732 of 1125)
PASS: AIE_TEST :: npu-xrt/xrt_handle_lifetime/run_stale_io_bos.lit (733 of 1125)
PASS: AIE_TEST :: objectFifo-stateful-transform/access_patterns/AIE2_cyclostatic_L1.mlir (734 of 1125)
PASS: AIE_TEST :: objectFifo-stateful-transform/access_patterns/AIE2_cyclostatic_L1_dynamic.mlir (735 of 1125)
PASS: AIE_TEST :: objectFifo-stateful-transform/access_patterns/AIE2_cyclostatic_L2.mlir (736 of 1125)
PASS: AIE_TEST :: objectFifo-stateful-transform/access_patterns/AIE2_cyclostatic_dma.mlir (737 of 1125)
PASS: AIE_TEST :: objectFifo-stateful-transform/access_patterns/AIE2_delayed_release.mlir (738 of 1125)
PASS: AIE_TEST :: objectFifo-stateful-transform/access_patterns/AIE2_delayed_release_inside_funcs.mlir (739 of 1125)
XFAIL: AIE_TEST :: objectFifo-stateful-transform/access_patterns/AIE2_dynamic_locks.mlir (740 of 1125)
PASS: AIE_TEST :: objectFifo-stateful-transform/access_patterns/AIE2_single_multiple_release.mlir (741 of 1125)
PASS: AIE_TEST :: objectFifo-stateful-transform/access_patterns/AIE2_static_L1.mlir (742 of 1125)
PASS: AIE_TEST :: objectFifo-stateful-transform/access_patterns/cyclostatic_AIE2_sharedMem.mlir (743 of 1125)
PASS: AIE_TEST :: objectFifo-stateful-transform/access_patterns/same_core_producer_consumer_test.mlir (744 of 1125)
PASS: AIE_TEST :: objectFifo-stateful-transform/access_patterns/subview_test_1.mlir (745 of 1125)
PASS: AIE_TEST :: objectFifo-stateful-transform/access_patterns/subview_test_2.mlir (746 of 1125)
PASS: AIE_TEST :: objectFifo-stateful-transform/access_patterns/subview_test_3.mlir (747 of 1125)
PASS: AIE_TEST :: objectFifo-stateful-transform/adjacent_memtile_allocation/memtile_spill_order.mlir (748 of 1125)
PASS: AIE_TEST :: objectFifo-stateful-transform/adjacent_memtile_allocation/onelargefifo_on_2memtile.mlir (749 of 1125)
PASS: AIE_TEST :: objectFifo-stateful-transform/adjacent_memtile_allocation/onelargefifo_on_3memtile.mlir (750 of 1125)
PASS: AIE_TEST :: objectFifo-stateful-transform/adjacent_memtile_allocation/twofifo_on_2memtile.mlir (751 of 1125)
PASS: AIE_TEST :: objectFifo-stateful-transform/aie_stream/bad_acquire.mlir (752 of 1125)
PASS: AIE_TEST :: objectFifo-stateful-transform/aie_stream/bad_allocate.mlir (753 of 1125)
PASS: AIE_TEST :: objectFifo-stateful-transform/aie_stream/bad_dims_from_stream.mlir (754 of 1125)
PASS: AIE_TEST :: objectFifo-stateful-transform/aie_stream/bad_dims_to_stream.mlir (755 of 1125)
PASS: AIE_TEST :: objectFifo-stateful-transform/aie_stream/bad_init_values.mlir (756 of 1125)
PASS: AIE_TEST :: objectFifo-stateful-transform/aie_stream/bad_iter_count.mlir (757 of 1125)
PASS: AIE_TEST :: objectFifo-stateful-transform/aie_stream/bad_mem_tile_input.mlir (758 of 1125)
PASS: AIE_TEST :: objectFifo-stateful-transform/aie_stream/bad_mem_tile_output.mlir (759 of 1125)
PASS: AIE_TEST :: objectFifo-stateful-transform/aie_stream/bad_release.mlir (760 of 1125)
PASS: AIE_TEST :: objectFifo-stateful-transform/aie_stream/bad_repeat_count.mlir (761 of 1125)
PASS: AIE_TEST :: objectFifo-stateful-transform/aie_stream/bad_shim_tile_input.mlir (762 of 1125)
PASS: AIE_TEST :: objectFifo-stateful-transform/aie_stream/bad_shim_tile_output.mlir (763 of 1125)
PASS: AIE_TEST :: objectFifo-stateful-transform/aie_stream/consumer_stream_AIE2.mlir (764 of 1125)
PASS: AIE_TEST :: objectFifo-stateful-transform/aie_stream/full_stream_AIE2.mlir (765 of 1125)
PASS: AIE_TEST :: objectFifo-stateful-transform/aie_stream/link_to_stream_AIE2.mlir (766 of 1125)
PASS: AIE_TEST :: objectFifo-stateful-transform/aie_stream/producer_stream_AIE2.mlir (767 of 1125)
PASS: AIE_TEST :: objectFifo-stateful-transform/aie_stream/shim_to_stream_AIE2.mlir (768 of 1125)
PASS: AIE_TEST :: objectFifo-stateful-transform/aie_stream/stream_to_link_AIE2.mlir (769 of 1125)
PASS: AIE_TEST :: objectFifo-stateful-transform/allocation_info_test.mlir (770 of 1125)
PASS: AIE_TEST :: objectFifo-stateful-transform/asymmetric_element_type/asymmetric_element_type.mlir (771 of 1125)
PASS: AIE_TEST :: objectFifo-stateful-transform/asymmetric_element_type/asymmetric_with_initvalues.mlir (772 of 1125)
PASS: AIE_TEST :: objectFifo-stateful-transform/base/base_test_AIE1.mlir (773 of 1125)
PASS: AIE_TEST :: objectFifo-stateful-transform/base/base_test_AIE2.mlir (774 of 1125)
PASS: AIE_TEST :: objectFifo-stateful-transform/base/base_test_shim.mlir (775 of 1125)
PASS: AIE_TEST :: objectFifo-stateful-transform/base/loc_preservation.mlir (776 of 1125)
PASS: AIE_TEST :: objectFifo-stateful-transform/base/lock_analysis_test.mlir (777 of 1125)
PASS: AIE_TEST :: objectFifo-stateful-transform/base/memTile_test.mlir (778 of 1125)
PASS: AIE_TEST :: objectFifo-stateful-transform/base/non_adjacency_test_1.mlir (779 of 1125)
PASS: AIE_TEST :: objectFifo-stateful-transform/base/non_adjacency_test_2.mlir (780 of 1125)
PASS: AIE_TEST :: objectFifo-stateful-transform/base/non_adjacency_test_AIE2.mlir (781 of 1125)
PASS: AIE_TEST :: objectFifo-stateful-transform/bd_chain_on_memtile/bad_iterations.mlir (782 of 1125)
PASS: AIE_TEST :: objectFifo-stateful-transform/bd_chain_on_memtile/bd_chain_with_repeat_count.mlir (783 of 1125)
PASS: AIE_TEST :: objectFifo-stateful-transform/bd_chain_on_memtile/broadcast_with_iterations.mlir (784 of 1125)
PASS: AIE_TEST :: objectFifo-stateful-transform/bd_chain_on_memtile/init_values_no_link_skips_source_locks.mlir (785 of 1125)
PASS: AIE_TEST :: objectFifo-stateful-transform/bd_chain_on_memtile/invalid_tile.mlir (786 of 1125)
PASS: AIE_TEST :: objectFifo-stateful-transform/bd_chain_on_memtile/join_with_iterations.mlir (787 of 1125)
PASS: AIE_TEST :: objectFifo-stateful-transform/bd_chain_on_memtile/repeat_chain.mlir (788 of 1125)
PASS: AIE_TEST :: objectFifo-stateful-transform/bd_chain_on_memtile/single_iteration.mlir (789 of 1125)
PASS: AIE_TEST :: objectFifo-stateful-transform/bd_chain_on_memtile/split_and_join_with_iterations.mlir (790 of 1125)
PASS: AIE_TEST :: objectFifo-stateful-transform/bd_chain_on_memtile/split_with_iterations.mlir (791 of 1125)
PASS: AIE_TEST :: objectFifo-stateful-transform/check_errors.mlir (792 of 1125)
PASS: AIE_TEST :: objectFifo-stateful-transform/data_movement_patterns/broadcast_enforced_depths.mlir (793 of 1125)
PASS: AIE_TEST :: objectFifo-stateful-transform/data_movement_patterns/broadcast_error_test.mlir (794 of 1125)
PASS: AIE_TEST :: objectFifo-stateful-transform/data_movement_patterns/broadcast_self_adjusted_depths.mlir (795 of 1125)
PASS: AIE_TEST :: objectFifo-stateful-transform/data_movement_patterns/link/duplicate_link_test.mlir (796 of 1125)
PASS: AIE_TEST :: objectFifo-stateful-transform/data_movement_patterns/link/link_test_AIE1.mlir (797 of 1125)
PASS: AIE_TEST :: objectFifo-stateful-transform/data_movement_patterns/link/link_test_DDR_to_L1_AIE2.mlir (798 of 1125)
PASS: AIE_TEST :: objectFifo-stateful-transform/data_movement_patterns/link/link_test_L1_to_DDR_AIE2.mlir (799 of 1125)
PASS: AIE_TEST :: objectFifo-stateful-transform/data_movement_patterns/link/link_test_broadcast.mlir (800 of 1125)
PASS: AIE_TEST :: objectFifo-stateful-transform/data_movement_patterns/link/link_test_broadcast_skip_connection.mlir (801 of 1125)
PASS: AIE_TEST :: objectFifo-stateful-transform/data_movement_patterns/link/link_test_distribute_offsets.mlir (802 of 1125)
PASS: AIE_TEST :: objectFifo-stateful-transform/data_movement_patterns/link/link_test_distribute_output_sizes.mlir (803 of 1125)
PASS: AIE_TEST :: objectFifo-stateful-transform/data_movement_patterns/link/link_test_join_offsets.mlir (804 of 1125)
PASS: AIE_TEST :: objectFifo-stateful-transform/data_movement_patterns/link/link_via_shared_mem.mlir (805 of 1125)
PASS: AIE_TEST :: objectFifo-stateful-transform/data_movement_patterns/link/link_via_shared_mem2.mlir (806 of 1125)
PASS: AIE_TEST :: objectFifo-stateful-transform/data_movement_patterns/link/link_via_shared_mem3.mlir (807 of 1125)
PASS: AIE_TEST :: objectFifo-stateful-transform/data_movement_patterns/link/link_via_shared_mem_diff_memref.mlir (808 of 1125)
PASS: AIE_TEST :: objectFifo-stateful-transform/data_movement_patterns/link/link_via_shared_mem_padDimensions.mlir (809 of 1125)
PASS: AIE_TEST :: objectFifo-stateful-transform/debug_features/disable_synchronization_test_AIE1.mlir (810 of 1125)
PASS: AIE_TEST :: objectFifo-stateful-transform/debug_features/disable_synchronization_test_AIE2.mlir (811 of 1125)
PASS: AIE_TEST :: objectFifo-stateful-transform/debug_features/disable_synchronization_test_distribute.mlir (812 of 1125)
PASS: AIE_TEST :: objectFifo-stateful-transform/debug_features/disable_synchronization_test_join.mlir (813 of 1125)
PASS: AIE_TEST :: objectFifo-stateful-transform/debug_features/disable_synchronization_test_shim.mlir (814 of 1125)
PASS: AIE_TEST :: objectFifo-stateful-transform/debug_features/via_DMA_test.mlir (815 of 1125)
PASS: AIE_TEST :: objectFifo-stateful-transform/dma_channel_alloc/memtileDMA_test.mlir (816 of 1125)
PASS: AIE_TEST :: objectFifo-stateful-transform/dma_channel_alloc/memtileDMA_test_bad.mlir (817 of 1125)
PASS: AIE_TEST :: objectFifo-stateful-transform/dma_channel_alloc/memtileDMA_test_bad2.mlir (818 of 1125)
PASS: AIE_TEST :: objectFifo-stateful-transform/dma_channel_alloc/shimtileDMA_test.mlir (819 of 1125)
PASS: AIE_TEST :: objectFifo-stateful-transform/dma_channel_alloc/shimtileDMA_test_bad.mlir (820 of 1125)
PASS: AIE_TEST :: objectFifo-stateful-transform/dma_channel_alloc/shimtileDMA_test_bad2.mlir (821 of 1125)
PASS: AIE_TEST :: objectFifo-stateful-transform/dma_channel_alloc/tileDMA_test.mlir (822 of 1125)
PASS: AIE_TEST :: objectFifo-stateful-transform/dma_channel_alloc/tileDMA_test_bad.mlir (823 of 1125)
PASS: AIE_TEST :: objectFifo-stateful-transform/dma_channel_alloc/tileDMA_test_bad2.mlir (824 of 1125)
PASS: AIE_TEST :: objectFifo-stateful-transform/dma_transformations/memtile_padding_test.mlir (825 of 1125)
PASS: AIE_TEST :: objectFifo-stateful-transform/dma_transformations/nd_dma_base_AIE2.mlir (826 of 1125)
PASS: AIE_TEST :: objectFifo-stateful-transform/dma_transformations/nd_dma_distribute_AIE2.mlir (827 of 1125)
PASS: AIE_TEST :: objectFifo-stateful-transform/dma_transformations/nd_dma_distribute_broadcast_AIE2.mlir (828 of 1125)
PASS: AIE_TEST :: objectFifo-stateful-transform/dma_transformations/nd_dma_fromStream_join.mlir (829 of 1125)
PASS: AIE_TEST :: objectFifo-stateful-transform/dma_transformations/nd_dma_multiple_consumers_AIE2.mlir (830 of 1125)
PASS: AIE_TEST :: objectFifo-stateful-transform/dynamic_cyclostatic_acquire_in_loop.mlir (831 of 1125)
PASS: AIE_TEST :: objectFifo-stateful-transform/dynamic_cyclostatic_acquire_no_release.mlir (832 of 1125)
PASS: AIE_TEST :: objectFifo-stateful-transform/dynamic_cyclostatic_balanced_conditional.mlir (833 of 1125)
PASS: AIE_TEST :: objectFifo-stateful-transform/dynamic_cyclostatic_both_outer_inner.mlir (834 of 1125)
PASS: AIE_TEST :: objectFifo-stateful-transform/dynamic_cyclostatic_conditional_release.mlir (835 of 1125)
PASS: AIE_TEST :: objectFifo-stateful-transform/dynamic_cyclostatic_dynamic_bounds_zero_trip.mlir (836 of 1125)
PASS: AIE_TEST :: objectFifo-stateful-transform/dynamic_cyclostatic_held_before_loop.mlir (837 of 1125)
PASS: AIE_TEST :: objectFifo-stateful-transform/dynamic_cyclostatic_iter_args.mlir (838 of 1125)
PASS: AIE_TEST :: objectFifo-stateful-transform/dynamic_cyclostatic_multi_acquire_same_fifo.mlir (839 of 1125)
PASS: AIE_TEST :: objectFifo-stateful-transform/dynamic_cyclostatic_multiple_fifos.mlir (840 of 1125)
PASS: AIE_TEST :: objectFifo-stateful-transform/dynamic_cyclostatic_negative_step.mlir (841 of 1125)
PASS: AIE_TEST :: objectFifo-stateful-transform/dynamic_cyclostatic_outer_only.mlir (842 of 1125)
PASS: AIE_TEST :: objectFifo-stateful-transform/dynamic_cyclostatic_peel_preserves_body_order.mlir (843 of 1125)
PASS: AIE_TEST :: objectFifo-stateful-transform/dynamic_cyclostatic_produce_side.mlir (844 of 1125)
PASS: AIE_TEST :: objectFifo-stateful-transform/dynamic_cyclostatic_pure_conditional.mlir (845 of 1125)
PASS: AIE_TEST :: objectFifo-stateful-transform/dynamic_cyclostatic_scf_while.mlir (846 of 1125)
PASS: AIE_TEST :: objectFifo-stateful-transform/dynamic_cyclostatic_scf_while_side_effects.mlir (847 of 1125)
PASS: AIE_TEST :: objectFifo-stateful-transform/dynamic_cyclostatic_sibling_loops.mlir (848 of 1125)
PASS: AIE_TEST :: objectFifo-stateful-transform/dynamic_cyclostatic_switch_balanced.mlir (849 of 1125)
PASS: AIE_TEST :: objectFifo-stateful-transform/dynamic_cyclostatic_switch_unbalanced.mlir (850 of 1125)
PASS: AIE_TEST :: objectFifo-stateful-transform/dynamic_cyclostatic_symmetric_conditional.mlir (851 of 1125)
PASS: AIE_TEST :: objectFifo-stateful-transform/dynamic_loop_balanced_no_cyclostatic.mlir (852 of 1125)
PASS: AIE_TEST :: objectFifo-stateful-transform/dynamic_lowering/core_flag_test.mlir (853 of 1125)
PASS: AIE_TEST :: objectFifo-stateful-transform/dynamic_lowering/depth_one_objectfifo_test.mlir (854 of 1125)
PASS: AIE_TEST :: objectFifo-stateful-transform/dynamic_lowering/different_depth_objectfifos_test.mlir (855 of 1125)
PASS: AIE_TEST :: objectFifo-stateful-transform/dynamic_lowering/pass_flag_test.mlir (856 of 1125)
PASS: AIE_TEST :: objectFifo-stateful-transform/dynamic_lowering/same_depth_objectfifos_test.mlir (857 of 1125)
PASS: AIE_TEST :: objectFifo-stateful-transform/init_values/init_values_distribute_input_test.mlir (858 of 1125)
PASS: AIE_TEST :: objectFifo-stateful-transform/init_values/init_values_join_input_test.mlir (859 of 1125)
PASS: AIE_TEST :: objectFifo-stateful-transform/init_values/init_values_join_output_test.mlir (860 of 1125)
PASS: AIE_TEST :: objectFifo-stateful-transform/init_values/init_values_repeat_test.mlir (861 of 1125)
PASS: AIE_TEST :: objectFifo-stateful-transform/init_values/init_values_shared_mem_test.mlir (862 of 1125)
PASS: AIE_TEST :: objectFifo-stateful-transform/init_values/init_values_test.mlir (863 of 1125)
PASS: AIE_TEST :: objectFifo-stateful-transform/loop_unrolling/acquire_before_loop.mlir (864 of 1125)
PASS: AIE_TEST :: objectFifo-stateful-transform/loop_unrolling/fully_divisible_loop_iter.mlir (865 of 1125)
PASS: AIE_TEST :: objectFifo-stateful-transform/loop_unrolling/fully_divisible_loop_iter_dynamic.mlir (866 of 1125)
PASS: AIE_TEST :: objectFifo-stateful-transform/loop_unrolling/fully_unroll_loop.mlir (867 of 1125)
PASS: AIE_TEST :: objectFifo-stateful-transform/loop_unrolling/large_loop_step.mlir (868 of 1125)
PASS: AIE_TEST :: objectFifo-stateful-transform/loop_unrolling/loop_unroll_with_remainder.mlir (869 of 1125)
PASS: AIE_TEST :: objectFifo-stateful-transform/loop_unrolling/nested_loop_acquire_release.mlir (870 of 1125)
PASS: AIE_TEST :: objectFifo-stateful-transform/loop_unrolling/nested_loop_only_unroll_outer.mlir (871 of 1125)
PASS: AIE_TEST :: objectFifo-stateful-transform/loop_unrolling/nested_loop_unroll_inner_then_outer.mlir (872 of 1125)
PASS: AIE_TEST :: objectFifo-stateful-transform/loop_unrolling/nested_loop_unroll_with_remainder.mlir (873 of 1125)
PASS: AIE_TEST :: objectFifo-stateful-transform/loop_unrolling/unroll_factor_multiple_objectfifos.mlir (874 of 1125)
PASS: AIE_TEST :: objectFifo-stateful-transform/matmul_test.mlir (875 of 1125)
PASS: AIE_TEST :: objectFifo-stateful-transform/objectfifo_allocate/allocate_errors_test.mlir (876 of 1125)
PASS: AIE_TEST :: objectFifo-stateful-transform/objectfifo_allocate/allocate_test.mlir (877 of 1125)
PASS: AIE_TEST :: objectFifo-stateful-transform/packet_switched_flows/packet_id_bad.mlir (878 of 1125)
PASS: AIE_TEST :: objectFifo-stateful-transform/packet_switched_flows/packet_id_test.mlir (879 of 1125)
PASS: AIE_TEST :: objectFifo-stateful-transform/packet_switched_flows/pass_flag_test.mlir (880 of 1125)
PASS: AIE_TEST :: objectFifo-stateful-transform/packet_switched_flows/shim_dma_alloc_test.mlir (881 of 1125)
PASS: AIE_TEST :: objectFifo-stateful-transform/plio_test.mlir (882 of 1125)
PASS: AIE_TEST :: objectFifo-stateful-transform/register_external_buffers/no_register_external_buffers_test.mlir (883 of 1125)
PASS: AIE_TEST :: objectFifo-stateful-transform/register_external_buffers/register_external_buffers_depth_test.mlir (884 of 1125)
PASS: AIE_TEST :: objectFifo-stateful-transform/register_external_buffers/register_external_buffers_test.mlir (885 of 1125)
PASS: AIE_TEST :: objectFifo-stateful-transform/register_external_buffers/shim_AIE2_test.mlir (886 of 1125)
PASS: AIE_TEST :: objectFifo-stateful-transform/register_external_buffers/shim_broadcast_test.mlir (887 of 1125)
PASS: AIE_TEST :: objectFifo-stateful-transform/repeat_count/hw_repeat_optimization_test.mlir (888 of 1125)
PASS: AIE_TEST :: objectFifo-stateful-transform/repeat_count/link_distribute_repeat_count_test.mlir (889 of 1125)
PASS: AIE_TEST :: objectFifo-stateful-transform/repeat_count/link_join_repeat_count_test.mlir (890 of 1125)
PASS: AIE_TEST :: objectFifo-stateful-transform/repeat_count/link_repeat_count_test.mlir (891 of 1125)
PASS: AIE_TEST :: objectFifo-stateful-transform/repeat_count/memtile_repeat_count_test.mlir (892 of 1125)
PASS: AIE_TEST :: objectFifo-stateful-transform/repeat_count/repeat_count_test.mlir (893 of 1125)
PASS: AIE_TEST :: objectFifo-stateful-transform/repeat_count/repeat_count_test_dynamic.mlir (894 of 1125)
PASS: AIE_TEST :: objectFifo-stateful-transform/repeat_count_test.mlir (895 of 1125)
PASS: AIE_TEST :: objectFifo-stateful-transform/subview_escape_via_iter_args.mlir (896 of 1125)
PASS: AIE_TEST :: parse-trace/test1/aie_test1.mlir (897 of 1125)
PASS: AIE_TEST :: parse-trace/test2/aie_test2.mlir (898 of 1125)
PASS: AIE_TEST :: place-tiles/sa_placer/test_sa_allocate.mlir (899 of 1125)
PASS: AIE_TEST :: place-tiles/sa_placer/test_sa_basic.mlir (900 of 1125)
PASS: AIE_TEST :: place-tiles/sa_placer/test_sa_cascade.mlir (901 of 1125)
PASS: AIE_TEST :: place-tiles/sa_placer/test_sa_deterministic.mlir (902 of 1125)
PASS: AIE_TEST :: place-tiles/sa_placer/test_sa_errors.mlir (903 of 1125)
PASS: AIE_TEST :: place-tiles/sequential_placer/test_place_basic.mlir (904 of 1125)
PASS: AIE_TEST :: place-tiles/sequential_placer/test_place_buffer_adjacency.mlir (905 of 1125)
PASS: AIE_TEST :: place-tiles/sequential_placer/test_place_cascade.mlir (906 of 1125)
PASS: AIE_TEST :: place-tiles/sequential_placer/test_place_edge_detect.mlir (907 of 1125)
PASS: AIE_TEST :: place-tiles/sequential_placer/test_place_errors.mlir (908 of 1125)
PASS: AIE_TEST :: place-tiles/sequential_placer/test_place_flows.mlir (909 of 1125)
PASS: AIE_TEST :: place-tiles/sequential_placer/test_place_merge_logical_tiles.mlir (910 of 1125)
PASS: AIE_TEST :: place-tiles/sequential_placer/test_place_merge_logical_tiles_overflow.mlir (911 of 1125)
PASS: AIE_TEST :: place-tiles/sequential_placer/test_place_objectfifo.mlir (912 of 1125)
PASS: AIE_TEST :: place-tiles/sequential_placer/test_place_options.mlir (913 of 1125)
PASS: AIE_TEST :: place-tiles/sequential_placer/test_place_physical_core_peer.mlir (914 of 1125)
PASS: AIE_TEST :: place-tiles/test_compute_edge_dma_budget.mlir (915 of 1125)
PASS: AIE_TEST :: place-tiles/test_compute_peer_w_neighbor.mlir (916 of 1125)
PASS: AIE_TEST :: place-tiles/test_matmul_2col_shim_overload.mlir (917 of 1125)
PASS: AIE_TEST :: place-tiles/test_matmul_4col_placer_crash.mlir (918 of 1125)
PASS: AIE_TEST :: place-tiles/test_matmul_8col_memtile_capacity.mlir (919 of 1125)
PASS: AIE_TEST :: place-tiles/test_pinned_worker_collision.mlir (920 of 1125)
PASS: AIE_TEST :: place-tiles/test_placer_unknown.mlir (921 of 1125)
PASS: AIE_TEST :: python-concurrency/jit_parallel_compilation.py (922 of 1125)
PASS: AIE_TEST :: python/aie_ops.py (923 of 1125)
PASS: AIE_TEST :: python/aiecc_simple.py (924 of 1125)
PASS: AIE_TEST :: python/aievec.py (925 of 1125)
PASS: AIE_TEST :: python/aiex_ops.py (926 of 1125)
PASS: AIE_TEST :: python/barrier.py (927 of 1125)
PASS: AIE_TEST :: python/bd_chain.py (928 of 1125)
PASS: AIE_TEST :: python/bd_dimensions.py (929 of 1125)
PASS: AIE_TEST :: python/buffer.py (930 of 1125)
PASS: AIE_TEST :: python/buffer_resolution.py (931 of 1125)
PASS: AIE_TEST :: python/burst_length.py (932 of 1125)
PASS: AIE_TEST :: python/code_region.py (933 of 1125)
PASS: AIE_TEST :: python/control_flow.py (934 of 1125)
PASS: AIE_TEST :: python/control_packets.py (935 of 1125)
PASS: AIE_TEST :: python/core_ext_kernel.py (936 of 1125)
PASS: AIE_TEST :: python/core_link_with_removed.py (937 of 1125)
PASS: AIE_TEST :: python/dma_op.py (938 of 1125)
PASS: AIE_TEST :: python/dma_tasks.py (939 of 1125)
PASS: AIE_TEST :: python/execution_engine.py (940 of 1125)
PASS: AIE_TEST :: python/external_func_link_with.py (941 of 1125)
PASS: AIE_TEST :: python/npu-xrt/full_elf_42/test.py (942 of 1125)
PASS: AIE_TEST :: python/npu-xrt/scratchpad_addr_offset/test.py (943 of 1125)
PASS: AIE_TEST :: python/npu-xrt/scratchpad_params/test.py (944 of 1125)
PASS: AIE_TEST :: python/npu-xrt/test_algorithms.py (945 of 1125)
PASS: AIE_TEST :: python/npu-xrt/test_cached_xrt_runtime.py (946 of 1125)
PASS: AIE_TEST :: python/npu-xrt/test_cached_xrt_runtime_insts.py (947 of 1125)
PASS: AIE_TEST :: python/npu-xrt/test_cascade_flow.py (948 of 1125)
PASS: AIE_TEST :: python/npu-xrt/test_compile_cache_functionality.py (949 of 1125)
PASS: AIE_TEST :: python/npu-xrt/test_compile_link.py (950 of 1125)
PASS: AIE_TEST :: python/npu-xrt/test_device.py (951 of 1125)
PASS: AIE_TEST :: python/npu-xrt/test_device_override.py (952 of 1125)
PASS: AIE_TEST :: python/npu-xrt/test_iron_jit_e2e.py (953 of 1125)
PASS: AIE_TEST :: python/npu-xrt/test_iron_object_fifo_init_values.py (954 of 1125)
PASS: AIE_TEST :: python/npu-xrt/test_jit_compilation.py (955 of 1125)
PASS: AIE_TEST :: python/npu-xrt/test_jit_extern_functions.py (956 of 1125)
PASS: AIE_TEST :: python/npu-xrt/test_jit_extern_functions_inside_jit.py (957 of 1125)
PASS: AIE_TEST :: python/npu-xrt/test_jit_many_args.py (958 of 1125)
PASS: AIE_TEST :: python/npu-xrt/test_jit_placed_style.py (959 of 1125)
FAIL: AIE_TEST :: python/npu-xrt/test_jit_trace.py (960 of 1125)
PASS: AIE_TEST :: python/npu-xrt/test_jit_two_extern_functions.py (961 of 1125)
PASS: AIE_TEST :: python/npu-xrt/test_jit_utils.py (962 of 1125)
PASS: AIE_TEST :: python/npu-xrt/test_kernels_e2e.py (963 of 1125)
PASS: AIE_TEST :: python/npu-xrt/test_objectfifo.py (964 of 1125)
PASS: AIE_TEST :: python/npu-xrt/test_tensor.py (965 of 1125)
UNSUPPORTED: AIE_TEST :: python/npu-xrt/test_torch_comparison.py (966 of 1125)
PASS: AIE_TEST :: python/npu.py (967 of 1125)
PASS: AIE_TEST :: python/objFifo.py (968 of 1125)
PASS: AIE_TEST :: python/objFifo_asymmetric.py (969 of 1125)
PASS: AIE_TEST :: python/objFifo_bd_chain_repeat.py (970 of 1125)
PASS: AIE_TEST :: python/objFifo_init_values.py (971 of 1125)
PASS: AIE_TEST :: python/objFifo_iron_init_values.py (972 of 1125)
PASS: AIE_TEST :: python/objFifo_iron_multi_cons_depth.py (973 of 1125)
PASS: AIE_TEST :: python/objFifo_link.py (974 of 1125)
PASS: AIE_TEST :: python/package_resolution.py (975 of 1125)
PASS: AIE_TEST :: python/placer_tests.py (976 of 1125)
PASS: AIE_TEST :: python/regdb.py (977 of 1125)
PASS: AIE_TEST :: python/runtimesequence.py (978 of 1125)
PASS: AIE_TEST :: python/simple_with_bindings.py (979 of 1125)
PASS: AIE_TEST :: python/stack_size_definition.py (980 of 1125)
PASS: AIE_TEST :: python/static_bd_config.py (981 of 1125)
PASS: AIE_TEST :: python/taplib/group_tiler.py (982 of 1125)
PASS: AIE_TEST :: python/taplib/group_tiler_partial.py (983 of 1125)
PASS: AIE_TEST :: python/taplib/matmul_matrix_vector_tiling_sweep.py (984 of 1125)
PASS: AIE_TEST :: python/taplib/matmul_whole_array_tiling_sweep.py (985 of 1125)
PASS: AIE_TEST :: python/taplib/rectangular_tiler.py (986 of 1125)
PASS: AIE_TEST :: python/taplib/rectangular_tiler2.py (987 of 1125)
PASS: AIE_TEST :: python/taplib/rectangular_tiler_col_major_tensor.py (988 of 1125)
PASS: AIE_TEST :: python/taplib/rectangular_tiler_col_major_tensor_and_tiler.py (989 of 1125)
PASS: AIE_TEST :: python/taplib/simple_tiler.py (990 of 1125)
PASS: AIE_TEST :: python/taplib/sizes_strides_clean.py (991 of 1125)
PASS: AIE_TEST :: python/taplib/square_tiler.py (992 of 1125)
PASS: AIE_TEST :: python/taplib/square_tiler2.py (993 of 1125)
PASS: AIE_TEST :: python/taplib/square_tiler_col_major_tensor_and_tile_tile_grouping.py (994 of 1125)
PASS: AIE_TEST :: python/taplib/square_tiler_col_major_tensor_tile_grouping_rectangular_col_major_groups.py (995 of 1125)
PASS: AIE_TEST :: python/taplib/square_tiler_col_major_tile.py (996 of 1125)
PASS: AIE_TEST :: python/taplib/square_tiler_tile_grouping.py (997 of 1125)
PASS: AIE_TEST :: python/taplib/square_tiler_tile_grouping_col_major_groups.py (998 of 1125)
PASS: AIE_TEST :: python/taplib/step_tiler.py (999 of 1125)
PASS: AIE_TEST :: python/taplib/step_tiler_partial.py (1000 of 1125)
PASS: AIE_TEST :: python/taplib/tensor_tile_same_height.py (1001 of 1125)
PASS: AIE_TEST :: python/taplib/tensortile.py (1002 of 1125)
PASS: AIE_TEST :: python/taplib/tensortilesequence.py (1003 of 1125)
PASS: AIE_TEST :: python/taplib/tile_repeat_suite.py (1004 of 1125)
PASS: AIE_TEST :: python/test_algorithms_api.py (1005 of 1125)
PASS: AIE_TEST :: python/test_callable_design_unit.py (1006 of 1125)
PASS: AIE_TEST :: python/test_compilabledesign.py (1007 of 1125)
PASS: AIE_TEST :: python/test_compile_context.py (1008 of 1125)
PASS: AIE_TEST :: python/test_compileconfig.py (1009 of 1125)
PASS: AIE_TEST :: python/test_device_binding_cache_unit.py (1010 of 1125)
PASS: AIE_TEST :: python/test_hostruntime_cli.py (1011 of 1125)
PASS: AIE_TEST :: python/test_kernels_chess.py (1012 of 1125)
PASS: AIE_TEST :: python/test_kernels_memoization.py (1013 of 1125)
PASS: AIE_TEST :: python/test_kernels_specs.py (1014 of 1125)
PASS: AIE_TEST :: python/test_markers.py (1015 of 1125)
PASS: AIE_TEST :: python/test_symbol_prefix.py (1016 of 1125)
PASS: AIE_TEST :: python/test_trace_split_segments.py (1017 of 1125)
PASS: AIE_TEST :: python/test_verify.py (1018 of 1125)
PASS: AIE_TEST :: python/tile_allocation_scheme.py (1019 of 1125)
PASS: AIE_TEST :: python/trace_events.py (1020 of 1125)
FAIL: AIE_TEST :: python/trace_ops.py (1021 of 1125)
FAIL: AIE_TEST :: python/trace_utils.py (1022 of 1125)
PASS: AIE_TEST :: python/worker_buffer_sharing.py (1023 of 1125)
PASS: AIE_TEST :: python/worker_tile_sharing.py (1024 of 1125)
PASS: AIE_TEST :: python/zero_pad.py (1025 of 1125)
PASS: AIE_TEST :: round-trip/packet_flow.mlir (1026 of 1125)
PASS: AIE_TEST :: txn2mlir/roundtrip_npu1_1col.mlir (1027 of 1125)
PASS: AIE_TEST :: txn2mlir/roundtrip_npu1_4col.mlir (1028 of 1125)
PASS: AIE_TEST :: txn2mlir/roundtrip_npu1_extras.mlir (1029 of 1125)
PASS: AIE_TEST :: unit_tests/aie/00_itsalive/aie.mlir (1030 of 1125)
PASS: AIE_TEST :: unit_tests/aie/01_memory_read_write/aie.mlir (1031 of 1125)
PASS: AIE_TEST :: unit_tests/aie/02_lock_acquire_release/aie.mlir (1032 of 1125)
PASS: AIE_TEST :: unit_tests/aie/03_sync_with_locks/aie.mlir (1033 of 1125)
PASS: AIE_TEST :: unit_tests/aie/04_shared_memory/aie.mlir (1034 of 1125)
PASS: AIE_TEST :: unit_tests/aie/05_tiledma/aie.mlir (1035 of 1125)
PASS: AIE_TEST :: unit_tests/aie/08_stream_broadcast/aie.mlir (1036 of 1125)
PASS: AIE_TEST :: unit_tests/aie/09_simple_shim_dma/aie.mlir (1037 of 1125)
PASS: AIE_TEST :: unit_tests/aie/10_scalar_fp/aie.mlir (1038 of 1125)
PASS: AIE_TEST :: unit_tests/aie/11_vector_fp/aie.mlir (1039 of 1125)
PASS: AIE_TEST :: unit_tests/aie/14_stream_packet/aie.mlir (1040 of 1125)
PASS: AIE_TEST :: unit_tests/aie/15_prime_sieve/aie.mlir (1041 of 1125)
PASS: AIE_TEST :: unit_tests/aie/16_libm_expf/aie.mlir (1042 of 1125)
PASS: AIE_TEST :: unit_tests/aie/17_shim_dma_with_core/aie.mlir (1043 of 1125)
PASS: AIE_TEST :: unit_tests/aie/18_simple_shim_dma_routed/aie.mlir (1044 of 1125)
PASS: AIE_TEST :: unit_tests/aie/19_shim_dma_with_core_routed/aie.mlir (1045 of 1125)
PASS: AIE_TEST :: unit_tests/aie/20_shim_dma_broadcast/aie.mlir (1046 of 1125)
PASS: AIE_TEST :: unit_tests/aie/21_shim_dma_packet/aie.mlir (1047 of 1125)
PASS: AIE_TEST :: unit_tests/aie/21_target_triple/aie.mlir (1048 of 1125)
PASS: AIE_TEST :: unit_tests/aie/22_init_locks/aie.mlir (1049 of 1125)
PASS: AIE_TEST :: unit_tests/aie/23_broadcast_packet/aie.mlir (1050 of 1125)
PASS: AIE_TEST :: unit_tests/aie/23_packet_biShim/aie.mlir (1051 of 1125)
PASS: AIE_TEST :: unit_tests/aie/24_host_loop/aie.mlir (1052 of 1125)
PASS: AIE_TEST :: unit_tests/aie/25_host_multirate/aie.mlir (1053 of 1125)
PASS: AIE_TEST :: unit_tests/aie/27_single_L1_single_lock/aie.mlir (1054 of 1125)
UNSUPPORTED: AIE_TEST :: unit_tests/aie/27_single_L1_single_lock/aie2.mlir (1055 of 1125)
PASS: AIE_TEST :: unit_tests/aie/27_single_L1_single_lock/aieWithWorkaround.mlir (1056 of 1125)
PASS: AIE_TEST :: unit_tests/aie/28_multidepth_objectFifos/multi_depth/aie.mlir (1057 of 1125)
PASS: AIE_TEST :: unit_tests/aie/28_multidepth_objectFifos/single_depth/aie.mlir (1058 of 1125)
XFAIL: AIE_TEST :: unit_tests/aie/31_stream_core/aie.mlir (1059 of 1125)
PASS: AIE_TEST :: unit_tests/aie2/00_itsalive/aie.mlir (1060 of 1125)
PASS: AIE_TEST :: unit_tests/aie2/01_precompiled_core_function/aie.mlir (1061 of 1125)
PASS: AIE_TEST :: unit_tests/aie2/03_cascade_core_functions/aie.mlir (1062 of 1125)
PASS: AIE_TEST :: unit_tests/aie2/03_simple/aie.mlir (1063 of 1125)
PASS: AIE_TEST :: unit_tests/aie2/04_shared_memory/aie.mlir (1064 of 1125)
PASS: AIE_TEST :: unit_tests/aie2/04_shared_memory/aie_row.mlir (1065 of 1125)
PASS: AIE_TEST :: unit_tests/aie2/05_shim_dma_core_function/aie.mlir (1066 of 1125)
PASS: AIE_TEST :: unit_tests/aie2/07_shim_dma_core_function_with_loop/aie.mlir (1067 of 1125)
PASS: AIE_TEST :: unit_tests/aie2/08_tile_locks/aie.mlir (1068 of 1125)
PASS: AIE_TEST :: unit_tests/aie2/09_memtile_locks/aie.mlir (1069 of 1125)
PASS: AIE_TEST :: unit_tests/aie2/29_aie2_nd_dma_even_odd/aie.mlir (1070 of 1125)
PASS: AIE_TEST :: unit_tests/aie2/30_aie2_nd_dma_transpose_repeat/aie.mlir (1071 of 1125)
FAIL: AIE_TEST :: unit_tests/aie2p/00_itsalive/aie.mlir (1072 of 1125)
XFAIL: AIE_TEST :: unit_tests/aievec_tests/aie2/bf16_exp_lut/bf16_exp_lut-llvm.mlir (1073 of 1125)
XFAIL: AIE_TEST :: unit_tests/aievec_tests/aie2/bf16_max_reduce/bf16_max_reduce-llvm.mlir (1074 of 1125)
XFAIL: AIE_TEST :: unit_tests/aievec_tests/aie2/bf16_min_reduce/bf16_min_reduce-llvm.mlir (1075 of 1125)
XFAIL: AIE_TEST :: unit_tests/aievec_tests/aie2/bf16xbf16_max_elem/bf16xbf16_max_elem-llvm.mlir (1076 of 1125)
XFAIL: AIE_TEST :: unit_tests/aievec_tests/aie2/bf16xbf16_min_elem/bf16xbf16_min_elem-llvm.mlir (1077 of 1125)
UNSUPPORTED: AIE_TEST :: unit_tests/aievec_tests/aie2/bf16xbf16_mul_elem/bf16xbf16_mul_elem-llvm-scalar.mlir (1078 of 1125)
XFAIL: AIE_TEST :: unit_tests/aievec_tests/aie2/bf16xbf16_mul_elem/bf16xbf16_mul_elem-llvm.mlir (1079 of 1125)
XFAIL: AIE_TEST :: unit_tests/aievec_tests/aie2/bf16xbf16_mul_elem_2/bf16xbf16_mul_elem-llvm.mlir (1080 of 1125)
UNSUPPORTED: AIE_TEST :: unit_tests/aievec_tests/aie2/floatxfloat_mul_elem/floatxfloat_mul_elem-llvm-scalar.mlir (1081 of 1125)
XFAIL: AIE_TEST :: unit_tests/aievec_tests/aie2/floatxfloat_mul_elem/floatxfloat_mul_elem-llvm.mlir (1082 of 1125)
XFAIL: AIE_TEST :: unit_tests/aievec_tests/aie2/i16_max_reduce/i16_max_reduce-llvm.mlir (1083 of 1125)
XFAIL: AIE_TEST :: unit_tests/aievec_tests/aie2/i16_min_reduce/i16_min_reduce-llvm.mlir (1084 of 1125)
XFAIL: AIE_TEST :: unit_tests/aievec_tests/aie2/i16xi16_max_elem/i16xi16_max_elem-llvm.mlir (1085 of 1125)
XFAIL: AIE_TEST :: unit_tests/aievec_tests/aie2/i16xi16_min_elem/i16xi16_min_elem-llvm.mlir (1086 of 1125)
UNSUPPORTED: AIE_TEST :: unit_tests/aievec_tests/aie2/i16xi16_mul_elem/i16xi16_mul_elem-llvm-scalar.mlir (1087 of 1125)
XFAIL: AIE_TEST :: unit_tests/aievec_tests/aie2/i16xi16_mul_elem/i16xi16_mul_elem-llvm.mlir (1088 of 1125)
UNSUPPORTED: AIE_TEST :: unit_tests/aievec_tests/aie2/i16xi16_mul_elem_2/i16xi16_mul_elem-llvm-scalar.mlir (1089 of 1125)
XFAIL: AIE_TEST :: unit_tests/aievec_tests/aie2/i16xi16_mul_elem_2/i16xi16_mul_elem-llvm.mlir (1090 of 1125)
XFAIL: AIE_TEST :: unit_tests/aievec_tests/aie2/i32_max_reduce/i32_max_reduce-llvm.mlir (1091 of 1125)
XFAIL: AIE_TEST :: unit_tests/aievec_tests/aie2/i32_min_reduce/i32_min_reduce-llvm.mlir (1092 of 1125)
XFAIL: AIE_TEST :: unit_tests/aievec_tests/aie2/i32xi32_max_elem/i32xi32_max_elem-llvm.mlir (1093 of 1125)
XFAIL: AIE_TEST :: unit_tests/aievec_tests/aie2/i32xi32_min_elem/i32xi32_min_elem-llvm.mlir (1094 of 1125)
UNSUPPORTED: AIE_TEST :: unit_tests/aievec_tests/aie2/i32xi32_mul_elem/i32xi32_mul_elem-llvm-scalar.mlir (1095 of 1125)
XFAIL: AIE_TEST :: unit_tests/aievec_tests/aie2/i32xi32_mul_elem/i32xi32_mul_elem-llvm.mlir (1096 of 1125)
XFAIL: AIE_TEST :: unit_tests/aievec_tests/aie2/i8_max_reduce/i8_max_reduce-llvm.mlir (1097 of 1125)
XFAIL: AIE_TEST :: unit_tests/aievec_tests/aie2/i8_min_reduce/i8_min_reduce-llvm.mlir (1098 of 1125)
UNSUPPORTED: AIE_TEST :: unit_tests/aievec_tests/aie2/i8xi8_max_elem/i8xi8_max_elem-llvm.mlir (1099 of 1125)
UNSUPPORTED: AIE_TEST :: unit_tests/aievec_tests/aie2/i8xi8_min_elem/i8xi8_min_elem-llvm.mlir (1100 of 1125)
UNSUPPORTED: AIE_TEST :: unit_tests/aievec_tests/aie2/i8xi8_mul_elem/i8xi8_mul_elem-llvm-scalar.mlir (1101 of 1125)
XFAIL: AIE_TEST :: unit_tests/aievec_tests/aie2/i8xi8_mul_elem/i8xi8_mul_elem-llvm.mlir (1102 of 1125)
UNSUPPORTED: AIE_TEST :: unit_tests/aievec_tests/aie2/i8xi8_mul_elem_2/i8xi8_mul_elem-llvm-scalar.mlir (1103 of 1125)
XFAIL: AIE_TEST :: unit_tests/aievec_tests/aie2/i8xi8_mul_elem_2/i8xi8_mul_elem-llvm.mlir (1104 of 1125)
PASS: AIE_TEST :: unit_tests/chess_compiler_tests/01_precompiled_core_function/aie.mlir (1105 of 1125)
PASS: AIE_TEST :: unit_tests/chess_compiler_tests/02_precompiled_kernel/aie.mlir (1106 of 1125)
PASS: AIE_TEST :: unit_tests/chess_compiler_tests/03_cascade_core_functions/aie.mlir (1107 of 1125)
PASS: AIE_TEST :: unit_tests/chess_compiler_tests/04_shared_memory/aie.mlir (1108 of 1125)
XFAIL: AIE_TEST :: unit_tests/chess_compiler_tests/04_shared_memory/aie_row.mlir (1109 of 1125)
PASS: AIE_TEST :: unit_tests/chess_compiler_tests/04_shim_dma_kernel/aie.mlir (1110 of 1125)
PASS: AIE_TEST :: unit_tests/chess_compiler_tests/05_shim_dma_core_function/aie.mlir (1111 of 1125)
XFAIL: AIE_TEST :: unit_tests/chess_compiler_tests/07_shim_dma_core_function_with_loop/aie.mlir (1112 of 1125)
PASS: AIE_TEST :: unit_tests/chess_compiler_tests/08_tile_locks/aie.mlir (1113 of 1125)
PASS: AIE_TEST :: unit_tests/chess_compiler_tests_aie2/00_itsalive/aie.mlir (1114 of 1125)
PASS: AIE_TEST :: unit_tests/chess_compiler_tests_aie2/01_precompiled_core_function/aie.mlir (1115 of 1125)
PASS: AIE_TEST :: unit_tests/chess_compiler_tests_aie2/02_precompiled_kernel/aie.mlir (1116 of 1125)
PASS: AIE_TEST :: unit_tests/chess_compiler_tests_aie2/03_cascade_core_functions/aie.mlir (1117 of 1125)
PASS: AIE_TEST :: unit_tests/chess_compiler_tests_aie2/03_simple/aie.mlir (1118 of 1125)
XFAIL: AIE_TEST :: unit_tests/chess_compiler_tests_aie2/04_shared_memory/aie.mlir (1119 of 1125)
XFAIL: AIE_TEST :: unit_tests/chess_compiler_tests_aie2/04_shared_memory/aie_row.mlir (1120 of 1125)
PASS: AIE_TEST :: unit_tests/chess_compiler_tests_aie2/04_shim_dma_kernel/aie.mlir (1121 of 1125)
PASS: AIE_TEST :: unit_tests/chess_compiler_tests_aie2/05_shim_dma_core_function/aie.mlir (1122 of 1125)
XFAIL: AIE_TEST :: unit_tests/chess_compiler_tests_aie2/07_shim_dma_core_function_with_loop/aie.mlir (1123 of 1125)
PASS: AIE_TEST :: unit_tests/chess_compiler_tests_aie2/08_tile_locks/aie.mlir (1124 of 1125)
PASS: AIE_TEST :: unit_tests/chess_compiler_tests_aie2/09_memtile_locks/aie.mlir (1125 of 1125)
********************
Failed Tests (9):
  AIE_TEST :: generate-mmap/allocation_error.mlir
  AIE_TEST :: npu-xrt/add_one_ctrl_packet_4_cores/run.lit
  AIE_TEST :: npu-xrt/ctrl_packet_reconfig_1x4_cores/run.lit
  AIE_TEST :: npu-xrt/ctrl_packet_reconfig_4x1_cores/run.lit
  AIE_TEST :: npu-xrt/reconfigure_loadpdi/run_ctrlpkt.lit
  AIE_TEST :: python/npu-xrt/test_jit_trace.py
  AIE_TEST :: python/trace_ops.py
  AIE_TEST :: python/trace_utils.py
  AIE_TEST :: unit_tests/aie2p/00_itsalive/aie.mlir


Testing Time: 4430.92s

Total Discovered Tests: 1125
  Unsupported      :   65 (5.78%)
  Passed           : 1018 (90.49%)
  Expectedly Failed:   33 (2.93%)
  Failed           :    9 (0.80%)
LIT_DONE exit=1
